Ms, Ms, Ms, Ms, Ha^Fpa, Aa^Fma, Aa^Fma, Aa^Fma, Aa^Fda, Re, Aa^Fma, Aa^Fma, Ai, Ai, Ww, Ai, Gd^Eff, Gd^Eff, Re^Gvs, Re^Gvs, Re^Gvs, Gd^Eff, Gs^Eff, Gd, Gd^Es, Re, Aa^Fda, Aa, Rr^Es, Rr, Aa^Fma, Aa^Fdw, Aa^Fma, Ha
Ha, Ms, Ms, Ms, Hhd^Fmw, Gll^Fmw, Gll^Fdw, Aa^Fma, Re^Es, Re^Es, Re, Aa, Ai, Ww, Ww, Ai, Gd^Eff, Re^Eff, Re^Gvs, Re^Gvs, Re^Gvs, Re^Wm, Gd^Eff, Gd^Eff, Gd^Es, Aa^Em, Aa^Fma, Aa^Em, Rr^Es, Aa, Aa^Fda, Aa^Fma, Aa^Es, Ha^Fdw
Ha^Fpa, Ms, Ha^Fpa, Mm, Gll^Fdw, Gll^Fp, Gll^Fmw, Gll^Fmw, Gd^Fdw, Gd^Em, Re^Es, Aa^Fda, Aa^Fda, Ai, Ww, Ww^Edb, Ai, Gd^Eff, Gs^Eff, Re^Gvs, Gd^Eff, Gs^Eff, Gd^Es, Gd^Vc, Rr, Aa^Fda, Rr^Es, Rr, Aa^Fda, Re^Es, Aa^Fda, Aa^Fda, Ha^Fma, Ha^Fdw
Aa^Fma, Ha^Fpa, Aa^Fda, Hhd^Em, Hhd^Emf, Mm, Hhd^Fp, Hhd^Fp, Gll^Fmw, Gd^Em, Re^Es, Aa^Fda, Aa^Vha, Aa, Ww, Ww, Ww, Gd^Es, Ce, Gs^Eff, Rr, Rr, Rr, Rr, Gd^Em, Rr^Es, Aa^Fda, Aa^Em, Aa^Fpa, Aa^Em, Aa^Fda, Aa^Fma, Ha^Fda, Ha^Fma
Aa^Fda, Aa^Fma, Aa^Fda, Ha^Em, Gd^Fdw, Hhd^Fmw, Gll^Fmw, Gd^Fdw, Gs^Em, Gs^Fdw, Gd, Re, Re^Es, Aa, Gd, Ww^Ewl, Ww, Ww, Ww^Bw/, Rr, Gd^Fdw, Gs^Efm, Re^Es, Gd^Fdw, Gll^Fmw, Rr, Ha^Fma, Aa^Fma, Ha^Fma, Aa^Fma, Aa^Fda, Aa^Fma, Aa^Fma, Aa^Fpa
Ai, Ai, Ha^Em, Ha^Fda, Ha^Fda, Gll^Fmw, Gll^Fmw, Gll^Fmw, Gs^Fdw, Gd^Es, Re^Gvs, Gd^Es, Gd, Rr, Rr^Es, Cha, Rr, Ww^Bw/, Ww, Ww, Ai^Edb, Aa^Fda, Re^Es, Gll^Fmw, Gll^Fdw, Re, Hhd^Em, Ha^Fdw, Ms, Ha, Ha, Ha^Fda, Ha, Aa^Fpa
Ai, Ai, Aa^Fda, Aa^Fda, Aa^Fma, Gll^Fdw, Aa^Fda, Gll^Fdw, Re^Wm, Re^Gvs, Re^Gvs, Re^Gvs, Gd^Es, Cha, Rrc^Vhca, Rr, Ch, Rrc^Vhca, Ww^Ewl, Ww, Ai, Aa^Fma, Aa, Re, Re, Re^Es, Gd^Es, Hhd^Fmw, Mm, Mm, Mm, Ms, Mm, Hhd
Ai, Aa^Em, Aa^Fda, Aa^Fpa, Aa^Fpa, Aa^Fma, Aa^Fda, Gll^Fdw, Gd^Vc, Re^Gvs, Gd, Gs^Es, Gd^Es, Cha, Rrc^Vhca, Rr, Ch, Ch, 1 Kh, Ww, Ww, Ai^Edb, Aa^Fda, Re^Es, Gll^Fdw, Gll^Fmw, Gll^Fp, Gd^Vh, Mm, Mm, Mm, Mm, Mm, Hhd
Aa^Em, Aa^Fda, Aa^Fma, Aa^Fma, Aa^Fma, Aa^Fda, Aa, Aa^Fda, Gd^Fdw, Gd, Gd^Es, Gs^Es, Gs, Cha, Rr^Es, Rr, Rr, Ch, Ch, Ww^Bw/, Wo, Ww, Aa, Re^Es, Gd^Fdw, Gll^Fmw, Mm, Hhd^Fmw, Ha^Fma, Ha^Fda, Ha^Em, Mm, Ms, Ha^Fda
Aa^Fda, Aa^Fma, Aa^Fma, Aa^Fma, Aa^Fda, Aa, Aa^Fda, Gd^Fdw, Re^Es, Re, Re, Gs^Efm, Re^Es, Rr, Rr^Es, Rr, Rr, Ch, Rrc^Vhca, Ww^Bw/, Wo^Edb, Ww, Gd^Em, Re, Rr^Es, Gd^Em, Hhd^Em, Mm, Ms, Ms, Ms, Ms, Ms, Ha^Fpa
Aa^Fma, Aa^Fda, Aa^Fma, Aa^Fda, Aa, Aa^Fda, Gll^Fdw, Gd, Re^Es, Gd, Gd, Re^Es, Gs, Gs^Efm, Cha, Rrc^Vhca, Rrc^Vhca, Rr^Es, Ai, Ww, Ww, Ww, Aa, Ha^Fda, Rr, Hhd^Em, Gd^Vc, Mm, Ms, Ms, Ms, Ms, Ms, Ha^Fma
Aa^Fpa, Aa^Fpa, Aa^Fda, Aa^Fma, Aa^Fda, Aa^Em, Gd^Fmw, Gd^Em, Gd^Vc, Gll^Fmw, Gs^Fdw, Re, Re^Vh, Gs, Gd^Es, Cha, Cha, Ai, Ww, Ww, Ww^Edb, Ai, Aa^Fdw, Aa, Rr^Em, Hhd^Fmw, Aa^Em, Ms, Ha^Fpa, Ha^Fpa, Aa^Fpa, Ha^Fma, Ha^Em, Ha
Aa^Fma, Aa^Fma, Aa^Em, Aa, Aa^Fda, Re^Fdw, Re, Gll^Fdw, Re, Gd^Fdw, Re, Gd^Em, Re^Edb, Re, Rb, Aa, Ai^Edb, Ai^Edb, Ww^Edb, Ww^Edb, Ai, Ai, Gd^Fdw, Rr, Gd, Gd^Fdw, Aa^Es, Ha^Fda, Aa^Fma, Ha^Fpa, Ha^Fma, Aa^Fda, Ai, Ai
Aa^Fma, Aa^Fda, Aa^Fda, Re^Es, Re^Es, Re, Gll^Fdw, Re^Es, Re^Fdw, Re^Es, Rb^Es, Rb^Edb, Aa^Edb, Aa^Edb, Aa, Aa, Wo, Wo, Ww, Ww^Edb, Ww, Aa^Fda, Ww, Rr, Ww, Aa, Ha^Fda, Aa^Em, Aa^Em, Aa^Fma, Ha, Aa^Fda, Ai, Ww
Aa^Fpa, Aa^Fpa, Aa^Fma, Aa^Fda, Aa, Rb, Ss^Em, Ss, Ss^Em, Gll^Fdw, Ss, Rb^Edb, Wwg^Edb, Ai^Edb, Ai, Aa^Vha, Wo^Bw\, Wo, Wo, Ww, Ww, Ww, Ww, Ww^Bw|, Ww, Wwf, Wwf, Aa^Fma, Aa, Aa^Fda, Wwr, Wwf, Ww, Ww
Aa^Fma, Aa^Fda, Aa^Fma, Aa^Em, Ai, Gd^Fdw, Wwg, Sm^Em, Sm^Emf, Ss^Em, Sm^Edb, Sm, Wwg, Wwg, Wwg^Edb, Ww^Edb, Wo^Edb, Wo, Ww, Ww, Ai, Ai, Re^Edb, Re, Aa, Ww, Wwr, Aa^Fda, Aa^Vha, Ai, Wwr, Ww, Ai, Ww
Ai, Aa^Fda, Ai, Aa^Fda, Wwg^Edb, Wwg, Sm, Sm^Em, Ss^Vhs, Ss, Sm, Wwg^Edb, Wwg^Edb, Wwg, Wwg^Edb, Wwg^Edb, Wwg, Ww, Aa^Fda, Aa^Fda, Aa^Vha, Re, Aa^Fda, Aa^Fda, Ai, Ai, Wwr, Wwr, Ww, Ww, Ww, Ww, Ai, Ai
Wwg, Wwg, Wwg^Edb, Ai, Wwg^Edb, Wwg^Edb, Wwg, Rb^Fdw, Ss^Edb, Wwg^Edb, Wwg^Edb, Ss^Em, Ss^Em, Sm, Rb, Gd, Wwg, Ai, Ai, Aa^Fma, Re^Edb, Re^Edb, Aa^Em, Aa^Fma, Ha^Fma, Wwf, Wwr, Ww, Ai, Ai, Aa^Fma, Aa^Fda, Ha^Fma, Ha^Fma
Wwg, Wwg^Edb, Wwg^Edb, Wwg, Wwg, Wwg^Edb, Ai, Wwg^Edb, Sm^Edb, Sm^Edb, Wwg^Edb, Sm^Em, Sm^Em, Sm^Edb, Gd^Fdw, Re^Edb, Rb^Edb, Rb^Edb, Re, Re, Gd^Fdw, Aa^Fma, Aa^Fpa, Aa^Fma, Ms, Ha^Fda, Ww, Ww, Ms, Ha, Aa^Fma, Aa^Fda, Wwf, Aa^Fpa
Ai, Ai, Ha^Fma, Ai^Edb, Aa^Fda, Aa^Fda, Ha^Edb, Wwg, Wwg^Edb, Sm^Em, Ss^Em, Ss^Emf, Re^Edb, Gll^Fdw, Gd^Fmw, Re^Edb, Gd, Re^Es, Gd^Es, Aa^Es, Aa^Fda, Aa^Fda, Aa^Fpa, Ha^Fpa, Ms, Ms, Wo, Ms, Ms, Ms, Ha^Fpa, Ai, Wwf, Aa
Ha^Fda, Aa^Edb, Ha^Fda, Ha, Aa^Em, Ha^Fma, Aa^Fda, Ai, Wwg, Wwg^Edb, Wwg^Edb, Rb^Fdw, Re^Vct, Cer, Cer, Gd^Fdw, Re^Edb, Re^Es, Gll, Gd^Fdw, Aa^Es, Aa^Fma, Aa^Fma, Ha^Fma, Ha^Fpa, Ms, Ms, Wo, Ms, Ms, Ms, Wwf, Ww, Ai
Ha^Fda, Aa^Fma, Aa^Fda, Aa^Fda, Aa, Aa, Hhd^Es, Wwg, Wwg, Wwg^Edb, Ss^Emf, Wwg^Edb, Ss, Cer, Cer, Re^Edb, Rb^Edb, Re^Edb, Re^Edb, Gd^Es, Gd^Fdw, Aa^Es, Ha^Fda, Ha^Fda, Ms, Mm, Mm, Wo, Ms, Ms, Wo, Ms, Wo, Ww
Aa^Fda, Aa^Em, Ha^Fma, Aa, Aa^Fda, Gd^Em, Hhd^Fmw, Rb, Wwg, Ss^Em, Rb^Em, Sm^Uf, Cer, 3 Ker, Cer, Rb^Vct, Rb^Edb, Re^Edb, Re^Edb, Gll^Es, Aa^Fda, Aa^Em, Ha^Fda, Ai, Ai, Ms, Mm, Mm, Mm, Mm, Mm, Wo, Ms, Ms
Aa^Em, Ha^Fma, Ha^Fda, Aa^Fda, Gd^Fdw, Gd^Es, Gd^Es, Rb^Fdw, Ss^Em, Gll^Em, Ss^Emf, Sm^Em, Sm^Edb, Cer, Rb^Vct, Rb, Gd^Fdw, Re, Gll^Fdw, Gll^Fdw, Gd^Fdw, Hhd^Em, Hhd^Fdw, Wwf, Wwf, Mm, Hhd, Mm, Mm, Mm, Mm, Mm, Ha^Fda, Ms
Aa^Fda, Aa^Fda, Aa^Fda, Gll^Fmw, Gd^Fdw, Gd^Es, Hhd^Fdw, Gll^Em, Ss^Uf, Gll^Fdw, Sm^Em, Gll^Fdw, Gll^Fmw, Rb^Edb, Rb^Edb, Rb^Edb, Rb^Es, Re, Re^Es, Gd^Fmw, Hhd^Fdw, Hhd^Emf, Mm, Gd^Fdw, Wwg, Ww^Ewl, Hhd, Mm, Mm, Mm, Ms, Ms, Ha^Fpa, Aa^Em
Aa^Fda, Aa^Em, Aa^Fpa, Ha^Fma, Ha^Fdw, Gll^Fdw, Re^Em, Hhd^Fdw, Hhd^Em, Sm^Em, Sm^Em, Ss, Gll^Fmw, Ss, Rb^Es, Gll^Fdw, Gll, Rb, Re^Es, Hhd^Es, Mm, Hhd^Fmw, Mm, Mm, Wwr, Wo, Wo, Mm, Wo, Ha^Fda, Ha^Fma, Ha^Fpa, Aa^Fpa, Ha^Fpa
Aa^Fma, Ha^Fpa, Aa^Fma, Aa^Fda, Aa^Fda, Gd^Fdw, Gd^Es, Hhd^Fdw, Gll^Fmw, Rb^Fdw, Ss^Em, Gll^Fdw, Sm^Uf, Ss, Gll^Fdw, Gll^Fmw, Ss, Gll^Fdw, Re^Edb, Hhd^Es, Gd^Fdw, Gll^Fmw, Hhd^Es, Ww^Ewl, Ww^Ewl, Mm, Mm, Wo, Ms, Ms, Ha^Fma, Aa^Fpa, Aa^Em, Aa
Ha, Aa^Fma, Ha^Fpa, Ha, Aa^Fma, Aa^Fda, Gd^Fdw, Gd^Es, Gd^Fdw, Sm^Em, Sm^Em, Rb^Emf, Rb^Fdw, Sm^Em, Re^Edb, Gll^Edb, Ss^Em, Sm^Edb, Sm^Edb, Re, Re^Edb, Rb^Edb, Gd^Vhr, Gd^Fdw, Gll^Fmw, Mm, Mm, Mm, Mm, Mm, Ha^Fma, Ha^Fma, Ha^Fda, Aa^Fpa
Ha^Fpa, Ms, Ms, Ms, Ha^Fda, Aa^Fdw, Ha^Fda, Gll^Fmw, Rb^Fmw, Rb, Ss, Sm^Em, Ss^Em, Ss^Edb, Gll^Fdw, Gll^Fmw, Gd^Es, Ss^Em, Gll^Es, Rb, Hhd, Rb^Edb, Rb^Edb, Hhd^Fdw, Hhd^Fmw, Mm, Mm, Mm, Mm, Hhd, Ms, Ms, Ha^Fda, Aa^Fda
Ha^Fpa, Ha^Fpa, Ha^Em, Ms, Ha^Fma, Ha^Fda, Ms, Gll^Fmw, Ha^Em, Hhd^Em, Gll^Fdw, Ss^Uf, Rb^Fdw, Ss^Em, Ss^Em, Gll^Fdw, Ss^Em, Gll^Fdw, Hhd, Rb^Edb, Rb^Edb, Hhd, Rb^Vct, Rb, Hhd^Fmw, Mm, Mm, Mm, Mm, Hhd^Fmw, Mm, Ms, Hhd^Fdw, Hhd^Fdw
Ha^Fpa, Ms, Ms, Ha^Fpa, Ms, Ha^Fpa, Ms, Ha^Fda, Hhd^Fdw, Hhd^Em, Gd^Emf, Hhd^Fmw, Hhd^Fdw, Ss, Hhd^Fdw, Sm^Em, Sm^Uf, Ss^Em, Sm^Edb, Rb^Edb, Cer, Cer, Rb^Edb, Rb, Hhd^Edb, Hhd^Fdw, Sm^Emf, Hhd^Fdw, Mm, Hhd^Fdw, Mm, Mm, Mm, Hhd^Fdw
Ms^Xm, Ms, Ms, Ms, Ms^Xm, Ms^Xm, Ms, Md, Hhd^Fmw, Md, Hhd^Fdw, Hhd^Em, Ss^Edb, Gll^Fdw, Sm^Edb, Hhd^Edb, Ss^Vhs, Gll^Edb, Ss^Em, Sm^Edb, Cer, 2 Ker, Cer, Cer, Hhd^Fdw, Hhd^Fdw, Sm^Em, Ss^Em, Ss, Ss^Uf, Hhd^Em, Mm, Mm, Mm
Ms^Xm, Ms^Xm, Ms, Ms, Ms^Xm, Ms^Xm, Md^Xm, Md, Md, Md, Md, Md, Hhd^Em, Rb^Edb, Sm^Edb, Ss^Em, Ss^Em, Hhd^Fdw, Hhd, Hhd^Vct, Cer, Cer, Rb^Vct, Cer, Rb^Edb, Ss^Vhs, Rb^Em, Hhd^Fdw, Sm^Em, Rb^Em, Ss^Edb, Hhd^Fdw, Sm^Edb, Hhd^Fdw
Ms, Ms^Xm, Ms, Ms, Ms^Xm, Ms^Xm, Md^Xm, Md^Xm, Md, Md, Hhd^Fmw, Md, Sm^Edb, Rb, Gll^Fdw, Sm^Edb, Gll^Edb, Rb^Edb, Hhd, Gll^Edb, Rb^Edb, Rb^Edb, Rb, Rb^Edb, Sm^Edb, Gll^Fdw, Rb^Em, Hhd, Ss^Em, Gll^Emf, Ss^Edb, Ss^Edb, Sm^Edb, Hhd^Fdw
Ms, Ms, Ms, Ms, Ms^Xm, Md^Xm, Ms^Xm, Md^Xm, Ha, Md, Gd, Hhd^Fdw, Hhd^Fmw, Hhd^Fdw, Gd^Fmw, Rb^Edb, Gd, Hhd^Fmw, Gd^Fdw, Re, Gll^Fdw, Rb^Edb, Rb, Sm^Em, Ss, Sm^Uf, Ww, Ss, Ss, Hhd^Fdw, Gll, Hhd^Fdw, Hhd, Mm
