border_size=1
usage=map

_off^_usr   , _off^_usr   , _off^_usr   , _off^_usr   , _off^_usr   , _off^_usr   , _off^_usr   , _off^_usr   , _off^_usr   , _off^_usr   , _off^_usr   , _off^_usr   , _off^_usr   , _off^_usr   , _off^_usr   , _off^_usr   , _off^_usr   , _off^_usr   , _off^_usr   , _off^_usr   , _off^_usr   , _off^_usr   , _off^_usr   , _off^_usr   , _off^_usr   , _off^_usr   , _off^_usr   
_off^_usr   , _off^_usr   , _off^_usr   , _off^_usr   , _off^_usr   , _off^_usr   , _off^_usr   , _off^_usr   , _off^_usr   , _off^_usr   , Dd          , _off^_usr   , Dd          , _off^_usr   , Md          , _off^_usr   , Dd          , _off^_usr   , _off^_usr   , _off^_usr   , _off^_usr   , _off^_usr   , _off^_usr   , _off^_usr   , _off^_usr   , _off^_usr   , _off^_usr   
_off^_usr   , _off^_usr   , _off^_usr   , _off^_usr   , _off^_usr   , _off^_usr   , _off^_usr   , _off^_usr   , Hd          , Wwf         , Wwf         , Dd          , Gll^Uf      , Dd^Ft       , Gd^Fp       , Hd          , Mm          , Dd          , Hd          , _off^_usr   , _off^_usr   , _off^_usr   , _off^_usr   , _off^_usr   , _off^_usr   , _off^_usr   , _off^_usr   
_off^_usr   , _off^_usr   , _off^_usr   , _off^_usr   , _off^_usr   , _off^_usr   , _off^_usr   , Dd          , Gd^Fp       , Ss          , Hh^Vc       , Wwf         , Gs          , Gd          , Gd          , Hhd         , Hhd         , Gll^Uf      , Gs^Fp       , Dd^Fp       , _off^_usr   , _off^_usr   , _off^_usr   , _off^_usr   , _off^_usr   , _off^_usr   , _off^_usr   
_off^_usr   , _off^_usr   , _off^_usr   , _off^_usr   , _off^_usr   , _off^_usr   , _off^_usr   , Hd          , Md          , Hhd         , Gs          , Wwf         , Ch          , 2 Kh        , Ch          , Gd          , Gs^Fp       , Ss^Vhs      , Rd          , Dd          , _off^_usr   , _off^_usr   , _off^_usr   , _off^_usr   , _off^_usr   , _off^_usr   , _off^_usr   
_off^_usr   , _off^_usr   , _off^_usr   , _off^_usr   , _off^_usr   , _off^_usr   , _off^_usr   , Dd          , Ds^Ft       , Gll^Fp      , Hhd         , Ww          , Ww          , Ch          , Gs          , Gs          , Gd          , Ss          , Hd          , Dd^Ft       , _off^_usr   , _off^_usr   , _off^_usr   , _off^_usr   , _off^_usr   , _off^_usr   , _off^_usr   
_off^_usr   , _off^_usr   , _off^_usr   , _off^_usr   , _off^_usr   , _off^_usr   , _off^_usr   , _off^_usr   , _off^_usr   , Hd          , Gd          , Gs          , Ww^Bw/      , Ch          , Gg          , Gd          , Rd          , Md          , _off^_usr   , _off^_usr   , _off^_usr   , _off^_usr   , _off^_usr   , _off^_usr   , _off^_usr   , _off^_usr   , _off^_usr   
_off^_usr   , _off^_usr   , _off^_usr   , _off^_usr   , _off^_usr   , _off^_usr   , _off^_usr   , _off^_usr   , _off^_usr   , Dd^Ft       , Gd          , Gs          , Ww          , Ww          , Ww          , Gs          , Ss          , Dd          , _off^_usr   , _off^_usr   , _off^_usr   , _off^_usr   , _off^_usr   , _off^_usr   , _off^_usr   , _off^_usr   , _off^_usr   
_off^_usr   , _off^_usr   , Dd          , Md          , Hd          , _off^_usr   , _off^_usr   , _off^_usr   , Dd^Uf       , Dd          , Gs^Vc       , Wwf         , Hh          , Gg          , Gg          , Ww          , Ss^Vhs      , Dd^Ft       , Dd          , _off^_usr   , _off^_usr   , _off^_usr   , Dd          , Dd          , Hd          , _off^_usr   , _off^_usr   
_off^_usr   , _off^_usr   , Ss          , Gs^Fms      , Ss^Vhs      , Dd          , Dd          , Dd^Ft       , Gs          , Dd          , Wwf         , Wwf         , Gg          , Gg          , Hh          , Gll^Uf      , Hh^Fms      , Ss          , Ww          , Gs          , Gs^Ft       , Hd          , Gd^Fms      , Hhd^Vc      , Dd^Ft       , _off^_usr   , _off^_usr   
_off^_usr   , _off^_usr   , Dd          , Gll^Uf      , Rd          , Ss          , Ss          , Ww          , Ww^Vm       , Ww          , Wwf         , Ds          , Gg          , Gg          , Gs^Fp       , Gs^Fms      , Gg          , Gg^Efm      , Wwf         , Dd          , Gs          , Gd          , Rd          , Hhd         , Dd          , _off^_usr   , _off^_usr   
_off^_usr   , _off^_usr   , Dd^Fp       , Mm          , Ch          , Rd          , Gs^Fp       , Ss          , Gg          , Ds          , Wwf         , Gg          , Hh          , Gg          , Gg^Vc       , Gg^Efm      , Gg          , Ds          , Wwf         , Gg^Vc       , Gg          , Gll^Uf      , Rd          , Mm          , Dd          , _off^_usr   , _off^_usr   
_off^_usr   , _off^_usr   , Hd          , Hhd         , 4 Kh        , Ch          , Hh          , Ss^Vhs      , Gg          , Gg          , Hh          , Chs         , Gll^Uf      , Hh          , Gs^Fds      , Gg          , Gg          , Hh          , Gg          , Ww          , Gg          , Gd          , Ch          , Gd^Fms      , Dd^Fp       , _off^_usr   , _off^_usr   
_off^_usr   , _off^_usr   , Dd^Fp       , Gd^Fp       , Ch          , Ch          , Gs          , Ww          , Gg          , Gg          , Gg          , Gll^Fp      , Gs^Fds      , Ss          , Gll^Uf      , Gll^Fp      , Hh          , Gg          , Gg          , Ww          , Hh          , Ch          , 3 Kh        , Gd^Fp       , Hd          , _off^_usr   , _off^_usr   
_off^_usr   , _off^_usr   , Dd          , Gd^Fms      , Rd          , Gs          , Gs          , Ww          , Wwf         , Hh          , Gg          , Gg          , Gg^Vc       , Hh          , Hh          , Chs         , Wwf         , Gg          , Gg          , Ss^Vhs      , Gs^Fp       , Ch          , Ch          , Hhd         , Dd^Fp       , _off^_usr   , _off^_usr   
_off^_usr   , _off^_usr   , Dd          , Mm          , Rd          , Gll^Uf      , Gg          , Gg^Vc       , Wwf         , Ds          , Gg          , Gg^Efm      , Gs^Fp       , Gg          , Gg          , Gg          , Wwf         , Ds          , Ww^Vm       , Ss          , Ss          , Rd          , Rd          , Mm          , Dd          , _off^_usr   , _off^_usr   
_off^_usr   , _off^_usr   , Dd^Ft       , Hhd         , Gd^Fms      , Gd          , Gd^Ft       , Dd          , Ww          , Gg^Efm      , Hh^Fms      , Gs^Fms      , Hh          , Gg          , Gg          , Ds          , Wwf         , Ww          , Gs          , Ww          , Dd          , Ss          , Ss^Vhs      , Gll^Uf      , Ss          , _off^_usr   , _off^_usr   
_off^_usr   , _off^_usr   , Hd          , Hhd^Vc      , Dd          , Hd          , _off^_usr   , Gd          , Dd          , Ss          , Ss^Vhs      , Gll^Uf      , Gg          , Gg          , Hh          , Wwf         , Gs^Vc       , Dd          , Dd^Uf       , Dd^Ft       , _off^_usr   , Dd          , Hd          , Gs^Fms      , Dd          , _off^_usr   , _off^_usr   
_off^_usr   , _off^_usr   , _off^_usr   , Dd          , _off^_usr   , _off^_usr   , _off^_usr   , _off^_usr   , _off^_usr   , Dd^Ft       , Ss          , Ww          , Ww          , Gg          , Ww          , Wwf         , Gs          , Dd          , _off^_usr   , _off^_usr   , _off^_usr   , _off^_usr   , _off^_usr   , Md          , _off^_usr   , _off^_usr   , _off^_usr   
_off^_usr   , _off^_usr   , _off^_usr   , _off^_usr   , _off^_usr   , _off^_usr   , _off^_usr   , _off^_usr   , _off^_usr   , Dd          , Rd          , Gg          , Gg          , Ww          , Ww^Bw/      , Gg          , Gd          , Dd^Ft       , _off^_usr   , _off^_usr   , _off^_usr   , _off^_usr   , _off^_usr   , _off^_usr   , _off^_usr   , _off^_usr   , _off^_usr   
_off^_usr   , _off^_usr   , _off^_usr   , _off^_usr   , _off^_usr   , _off^_usr   , _off^_usr   , _off^_usr   , Hd          , Md          , Gd          , Gd          , Gs          , Ch          , Ww          , Gg          , Hh          , Hd          , Dd^Ft       , _off^_usr   , _off^_usr   , _off^_usr   , _off^_usr   , _off^_usr   , _off^_usr   , _off^_usr   , _off^_usr   
_off^_usr   , _off^_usr   , _off^_usr   , _off^_usr   , _off^_usr   , _off^_usr   , _off^_usr   , Dd^Ft       , Rd          , Ss          , Gs^Fp       , Gs          , Ch          , Ch          , Ch          , Ww          , Gs          , Gs^Fp       , Md          , Dd          , _off^_usr   , _off^_usr   , _off^_usr   , _off^_usr   , _off^_usr   , _off^_usr   , _off^_usr   
_off^_usr   , _off^_usr   , _off^_usr   , _off^_usr   , _off^_usr   , _off^_usr   , _off^_usr   , Dd          , Gs^Fp       , Ss^Vhs      , Hhd         , Gd          , Gd          , 1 Kh        , Gs          , Wwf         , Hh^Vc       , Hhd         , Gd^Fp       , Hd          , _off^_usr   , _off^_usr   , _off^_usr   , _off^_usr   , _off^_usr   , _off^_usr   , _off^_usr   
_off^_usr   , _off^_usr   , _off^_usr   , _off^_usr   , _off^_usr   , _off^_usr   , _off^_usr   , Dd^Fp       , Hd          , Gll^Uf      , Mm          , Hhd         , Gd^Fp       , Gd          , Gll^Uf      , Wwf         , Wwf         , Ss          , Hd          , Dd          , _off^_usr   , _off^_usr   , _off^_usr   , _off^_usr   , _off^_usr   , _off^_usr   , _off^_usr   
_off^_usr   , _off^_usr   , _off^_usr   , _off^_usr   , _off^_usr   , _off^_usr   , _off^_usr   , _off^_usr   , _off^_usr   , Dd          , Dd          , Hd          , Md          , Dd^Ft       , Dd          , Dd          , Dd          , Wwf         , _off^_usr   , _off^_usr   , _off^_usr   , _off^_usr   , _off^_usr   , _off^_usr   , _off^_usr   , _off^_usr   , _off^_usr   
_off^_usr   , _off^_usr   , _off^_usr   , _off^_usr   , _off^_usr   , _off^_usr   , _off^_usr   , _off^_usr   , _off^_usr   , _off^_usr   , _off^_usr   , _off^_usr   , _off^_usr   , _off^_usr   , _off^_usr   , _off^_usr   , _off^_usr   , _off^_usr   , _off^_usr   , _off^_usr   , _off^_usr   , _off^_usr   , _off^_usr   , _off^_usr   , _off^_usr   , _off^_usr   , _off^_usr   
_off^_usr   , _off^_usr   , _off^_usr   , _off^_usr   , _off^_usr   , _off^_usr   , _off^_usr   , _off^_usr   , _off^_usr   , _off^_usr   , _off^_usr   , _off^_usr   , _off^_usr   , _off^_usr   , _off^_usr   , _off^_usr   , _off^_usr   , _off^_usr   , _off^_usr   , _off^_usr   , _off^_usr   , _off^_usr   , _off^_usr   , _off^_usr   , _off^_usr   , _off^_usr   , _off^_usr   
