Wo, Wo, Wo, Ww, Ww, Ww, Ww, Ww, Ww, Ww, Ds, Ds, Ds, Gs, Gs, Gs, Gs, Gs, Gs, Gs, Gs, Gs, Gs, Gs, Gs, Gs, Gs, Hh, Hh, Hh, Hh, Hh, Hh^Fms, Hh^Fms, Hh, Hh, Mm, Mm, Mm, Mm, Mm, Mm, Mm, Mm
Wo, Wo, Wo, Ww, Ww, Ww, Ww, Ww, Ww, Ww, Ds, Ds, Gs^Vht, Gs, Gs, Gs, Gs, Gs, Gs, Gs, Gs, Gs, Gll^Fp, Gll^Fp, Gs, Gs, Gs, Gs, Gs, Hh^Fms, Gs, Hh, Hh, Hh, Hh, Hh^Fp, Mm, Mm, Rrc^Vh, Hh^Fp, Hh^Fp, Mm, Mm, Mm
Wo, Wo, Wo, Ww, Wo, Ww, Ww, Ww, Ww, Ww, Ds, Ds, Ds, Gg, Gs, Gs, Gs, Gs, Gs^Fds, Gs^Fds, Gs^Fds, Gs^Fds, Gll, Gs^Fds, Gs, Gs, Gs, Gs, Gs, Gs, Gs, Gs, Gs, Hh, Hh, Hh^Fp, Mm, Mm, Hh^Vhh, Rrc, Rrc^Vh, Mm, Mm, Mm
Wo, Wo, Wo, Wo, Ww, Ww, Ww, Ww, Ww, Ww, Ww, Ds, Ww, Gg, Gg, Gs, Gs, Gs, Gs^Fds, Gll, Gll^Fp, Gs^Fds, Gs^Fds, Gs^Fds, Gs, Gs, Gs, Gs, Gs, Gs, Gs, Gs, Gs, Hh, Mm, Mm, Hh^Fms, Mm, Hh, Hh^Vhh, Mm, Mm, Hh^Fp, Mm
Wo, Wo, Wo, Wo, Wo, Ww, Ww, Ww, Ww, Ww, Ww, Ww, Ww, Ww, Ds, Ds, Gg, Gs, Gs^Fms, Gs^Fms, Gs, Gs, Gs, Gs^Fms, Gs, Gs, Gs, Gs, Gs, Gs, Gs, Gs, Hh, Hh, Hh, Mm, Hh, Hh^Fp, Hh, Hh, Mm, Mm, Mm, Mm
Wo, Wo, Wo, Wo, Wo, Wo, Ww, Ww, Ww, Ww, Ww, Ww, Ww, Ww, Ww, Ds^Esd, Ds, Gs, Gs, Gs, Gs, Gs, Gs, Gs, Gs, Gs, Gs, Gs, Gs^Eff, Gs^Eff, Gs^Eff, Gs, Hh, Hh, Hh, Hh, Hh, Hh, Gs, Hh, Mm, Mm, Mm, Mm
Wo, Wo, Wo, Wo, Wo, Wo, Ww, Ww, Ww, Ww, Ww, Ww, Ww, Ww, Ww, Ds, Ds, Gs, Gs, Gs, Gs, Gs, Gs^Fds, Gs^Fds, Gs^Fds, Gs, Gs^Eff, Gs^Eff, Rb^Gvs, Gs^Vl, Gs^Eff, Hh^Eff, Hh, Hh, Hh, Hh, Gs, Gs, Gs, Hh, Hh, Mm, Hh^Fp, Hh^Fms
Wo, Wo, Wo, Wo, Wo, Ww, Ww, Ww, Ww, Ww, Ww, Ww, Ww, Ww, Ww, Ds, Ds, Gs, Gs, Gs, Gs, Gs, Gs^Fds, Gs^Fds, Gs^Fds, Gs^Fds, Gs^Fds, Gs^Eff, Gs^Eff, Gs^Eff, Gs, Gs^Es, Hh, Hh, Hh, Hh, Gs, Gs, Gs, Gs, Hh, Hh, Hh, Hh^Fms
Ww, Wo, Ww, Wo, Wo, Wo, Ww, Ww, Ww, Ww, Ww, Ww, Ww, Ww, Ww, Ds, Ds, Gs, Gs, Gs, Gs^Fds, Gs^Fds, Gs^Fds, Gs^Fds, Gs^Fds, Gs, Gs, Gs, Gs^Fds, Gs, Gs, Hh, Gs, Gs, Gs, Gs, Gs, Gs, Gs, Gs, Hh, Hh, Hh, Hh^Fms
Ww, Ww, Ww, Ww, Ww, Ww, Ww, Ww, Ww, Ww, Ww, Ww, Ww, Ww, Ww, Ds, Ds^Esd, Gs, Gs, Gs, Gs^Fds, Gs^Fds, Gs^Fds, Gs^Fds, Hh^Fms, Gs^Fds, Gs, Gs^Fds, Gs^Fds, Gs, Gs, Gs, Gs^Fds, Gs, Gs^Fds, Gs, Gs^Fds, Gs, Gs, Gs, Gs^Es, Hh, Gs^Es, Gs
Ww, Ww, Ww, Ww, Ww, Ww, Ww, Ww, Ww, Ww, Ww, Ww, Ww, Ww, Ds, Ds, Gs, Gs, Gs, Gs, Gs^Fds, Gs^Fms, Gs^Fds, Gs^Fds, Gll, Gs^Fds, Gs^Fds, Gs^Fds, Gs^Fds, Gs, Gs, Gs^Fds, Gs^Fds, Gs^Fds, Hh^Fms, Gs^Fds, Gs^Fds, Gs^Fds, Gs, Gs, Gs^Es, Gs^Es, Gs, Gs
Ds, Ww, Ww, Ww, Ww, Ww, Ww, Ww, Ww, Ww, Ww, Ww, Ww, Ww, Ds, Ds, Gs, Gs, Gs^Fms, Gll^Fp, Gs^Fds, Mm, Gs^Fds, Gs^Fds, Gs^Fds, Gs^Fds, Gs^Fds, Gs^Fds, Gs^Fds, Gs, Gs^Fds, Gs^Fds, Gs^Fds, Gs^Fds, Gs^Fds, Gs^Fds, Gs^Fds, Gs^Fds, Gs, Gs, Gs, Gs^Es, Gs, Gs
Ds, Ds, Ds, Ww, Ww, Ww, Ww, Ww, Ww, Ww, Ds, Ds, Ds^Esd, Ds, Ds^Esd, Gs, Gs^Fds, Gs^Fds, Gs^Fds, Gs^Fds, Gs^Fds, Gs^Fds, Gs^Fds, Gg^Fet, Gg^Fet, Gs^Fds, Gs^Fds, Gs^Fds, Gs^Fds, Gs^Fds, Gs^Fds, Gs^Fds, Gg, Gs^Fds, Gll, Gs^Fds, Gs^Fds, Gs^Fds, Gs^Fds, Gs, Gs, Gs, Hh^Fp, Gs
Ds, Ds, Ds, Ww^Bw/, Ww, Ww, Ww, Ww, Ww, Ds, Ds, Ds, Gll^Fp, Ds, Gs^Fds, Gs^Fds, Gs^Fds, Gs^Fds, Gll, Gs^Fms, Gg, Gs^Fds, Re, Re, Gs^Fds, Gs^Fds, Gs^Fds, Gs^Fds, Gs^Fds, Gs^Fds, Gs^Fds, Gs^Fds, Gs^Fds, Gs^Fds, Gs^Fds, Gs^Fds, Hh^Fp, Gs^Fds, Gs^Fds, Gs^Fds, Gs, Hh^Fp, Gs^Fds, Gs^Fds
Ds, Ds, Ww, Ww, Ww, Ww, Ww, Ww, Ww, Ds, Gs, Gs, Gs^Fms, Gs^Fds, Gs^Fds, Gs^Fds, Gs^Fds, Gll, Gll, Gll^Fp, Re, Re, Gs^Fds, Gs^Fds, Gs^Fds, Gs^Fds, Gs^Fds, Gs^Fds, Gs^Fds, Gs^Fds, Gs^Fds, Gs^Fms, Gs^Fds, Gs^Fds, Gs^Fds, Gs^Fds, Gs^Fds, Hh^Fp, Hh^Fp, Hh^Fp, Gs^Fds, Gs^Fds, Gs^Fds, Gs^Fds
Gs, Gs, Gs, Ww, Ww, Ww, Ww, Ww, Ds, Ds, Gll^Fp, Gs^Fms, Gs^Fms, Gs^Fds, Gs^Fds, Gs^Fds, Gs^Fds, Gs^Fds, Re, Re, Gs^Fds, Gs^Fds, Gs^Fms, Gs^Fds, Gll, Gs^Fds, Gs^Fds, Gs^Fds, Gs^Fds, Gs^Fds, Rp, Gs^Fds, Gs^Fds, Gs^Fds, Hh^Fp, Gs^Fms, Gs^Fms, Gs^Fds, Hh^Fp, Hh^Fp, Gs^Fds, Gs^Fds, Gs^Fds, Gs^Fds
Gs, Gs, Ds, Ww, Ds, Ww, Ww, Ds, Ds, Gll^Fp, Gs^Fms, Gs^Fms, Gs^Fds, Gs^Fds, Gs^Fds, Gs^Fds, Gs^Fds, Gs^Fds, Re, Gs^Fds, Gs^Fds, Gs^Fds, Gs^Fds, Gs^Fds, Gs^Fds, Gs^Fds, Rp, Gs^Fds, Khs, Gs^Fds, Gs^Fds, Gs^Fds, Gs^Fds, Gs^Fds, Gs^Fds, Gs^Fds, Gs^Fms, Gs^Fms, Gs^Fds, Gs^Fds, Gg^Fet, Hh^Fp, Gs^Fds, Gs^Fds
Gs, Gs, Ds, Ds, Ds, Ds, Ds, Ds, Gs^Fms, Gll^Fp, Rb^Gvs, Gs^Vl, Gs^Fds, Gs^Fds, Gs^Fds, Gs^Fds, Gs^Fds, Gs^Fds, Re, Gs^Fds, Gs^Fds, Gs^Fds, Gg, Gs^Fds, Gs^Fds, Rp, Gs^Fds, Chs, Chs, Gd^Fmw, Gs^Fms, Gs^Fms, Gs^Fds, Gs^Fds, Gg, Gs^Fds, Gs^Fds, Gs^Fms, Gs^Fds, Gs^Fds, Gg^Fet, Gg^Fet, Gs^Fds, Gs^Fds
Gd, Gd, Gd, Ds^Esd, Ds, Ds, Gs, Gs, Gs^Fds, Rb^Gvs, Rb^Gvs, Rb^Gvs, Gll, Gs^Fds, Gs, Gs^Fds, Gs^Fds, Gs^Fds, Re, Gg, Gs^Fds, Gs^Fds, Gg^Fet, Rp, Gs^Fds, Gs^Fds, Gs^Fds, Gs^Fds, Gs^Fds, Ss, Gs^Fds, Gs^Fds, Gs^Fds, Gs^Fds, Gs^Fds, Gs^Fds, Gs^Fms, Gs^Fds, Gs^Fds, Gs^Fds, Gs^Fds, Gs^Fds, Gs^Fds, Gs^Fds
Gd, Gd, Gd, Gd, Gd, Gd, Gs, Gs, Gs^Fds, Gs^Fds, Gs^Fds, Gs^Fds, Gll, Gs, Gs^Fds, Gs^Fds, Re, Re, Gs^Fds, Gs^Fds, Gs^Fds, Gs^Fds, Gs^Fds, Gs^Fds, Gs^Fds, Gs^Fms, Gs^Fds, Gs^Fds, Gs^Fds, Gs^Fds, Gs^Fds, Gs^Fds, Gs^Fds, Gs^Fds, Gs^Fds, Gg, Gs^Fds, Gs^Fds, Gs^Fds, Gs^Fds, Gs^Vl, Gs^Fds, Gs^Fds, Gs^Fds
Gs, Gd, Gd, Gd, Gd, Gd, Gs^Fds, Gs^Fds, Gs^Fds, Gs^Fds, Gs^Fds, Gll, Gs^Fds, Gs^Fds, Gs^Vl, Re, Re, Gs^Fds, Gs^Fds, Gs^Fds, Gs^Fds, Gs^Fds, Gs^Fds, Gs^Fds, Hh^Fms, Hh^Fms, Gs^Fds, Gg, Gs^Fds, Gs^Fds, Gs^Fds, Gs^Fds, Gs^Fds, Gs^Fds, Gs^Fms, Gs^Fds, Gs^Fds, Gs^Fds, Gs^Fds, Rb^Gvs, Rb^Gvs, Rb^Gvs, Gs^Fds, Gs^Fds
Ch, Ch, Ch, Gd, Gd, Gs^Fds, Gs^Fds, Gs^Fds, Gs^Fds, Gll, Gs, Gll, Gs^Fds, Gs^Fds, Gll, Rb^Gvs, Gs^Fds, Gg^Fet, Gs^Fms, Gs^Fds, Gs^Fds, Gs^Fds, Gs^Eff, Gs^Eff, Gs^Eff, Hh^Fms, Gs^Fds, Gs^Fds, Gs^Fds, Gs^Fds, Gs^Fds, Gs^Fds, Gs^Fds, Ss^Vhs, Gll^Fp, Ww^Ewl, Gs^Fds, Gs^Fds, Gs^Fds, Rb^Gvs, Gs^Fds, Rb^Gvs, Gs^Fds, Gs^Fds
_s^Xo, _s^Xo, _s^Xo, Ch, Gs, Gs^Fds, Gs^Fds, Gs^Fds, Gs^Fds, Gs^Fds, Gs^Fds, Gs^Fds, Gs^Fds, Gs^Fms, Gs, Gll, Gs^Fms, Gs^Fds, Gs^Fds, Gll^Fp, Rb^Eff, Rb^Eff, Rb^Gvs, Gs^Vl, Rb^Gvs, Rb^Eff, Rb^Eff, Gs^Fds, Gs, Gs^Fds, Gs^Fds, Gs^Fds, Gs^Fds, Gs^Fds, Ss, Gll^Fp, Gs^Fds, Gs^Fds, Gs^Fds, Gs^Fds, Gs^Fds, Gs^Fms, Gs^Fds, Gs^Fds
_s^Xo, _s^Xo, _s^Xo, Ch, Gs, Gs, Gs, Gs, Gs^Fds, Gs^Fms, Gs^Fds, Gs^Fds, Gll, Gll, Gs^Fds, Gs^Fms, Gs^Fds, Gs^Fds, Gs^Fds, Gs^Fds, Gs^Fds, Rb^Eff, Rb^Eff, Rb^Gvs, Rb^Eff, Rb^Eff, Gs, Gs, Re, Gs, Re, Gs^Fds, Gs^Fds, Gs^Fds, Gs^Fds, Gs^Fds, Gs^Fms, Gs^Fds, Gs^Fds, Gs^Fds, Gs^Fds, Gs^Fms, Gs^Fds, Gs^Fds
_s^Xo, _s^Xo, _s^Xo, Ch, Gs, 1 Gs, Gs, Gs^Fds, Gll, Gs^Fds, Gs^Fds, Gs^Fds, Gs^Fds, Gs^Fds, Gs^Fds, Gs^Fds, Gs, Gs^Fds, Gs, Gs^Fds, Gs^Fds, Gs^Fds, Gs, Rb^Eff, Gs, Gs, Ds, Ds, Ds, Re, Ww^Ewl, Re, Re, Gs^Fds, Gs^Fds, Gs^Fms, Gs^Fds, Gll, Gs^Fds, Gg^Fet, Gs^Fds, Gg^Fet, Gs^Fds, Gs^Fds
_s^Xo, _s^Xo, _s^Xo, Ch, Gs, Gs, Gs, Gs^Fds, Gs^Fds, Gs^Fds, Gs, Gs, Gs, Gs^Fds, Gs, Gs, Gs, Gs, Gs, Gs, Gs, Gs, Gs, Gs, Gs, Gs, Ww, Wwt, Ww, Ww, Ww, Ww^Ewl, Gg^Gvs, Gs^Gvs, Gs^Fds, Gs^Fms, Gs^Fds, Gs^Fms, Gs^Fds, Gs^Fds, Gs^Fds, Gs^Fds, Gs^Fds, Gs^Fds
_s^Xo, _s^Xo, _s^Xo, Ch, Gs, Gs, Gs, Gs, Gs, Gs, Gs, Gs, Gs, Gs, Gs, Gs, Gs, Gs, Gs, Gs, Gs, Gs, Gs, Gs, Ww, Ww, Ww, Ww, Ww, Ww, Ww, Ww, Gs^Vh, Gs^Gvs, Gs^Gvs, Gs^Fds, Gs^Fds, Gs^Fds, Gs^Fds, Gs^Fds, Gs^Fds, Gs^Fds, Gs^Fds, Gs^Fds
