border_size=1
usage=map

Re          ,Re          , Rr        , Gs^Fp       , Rr          , Gs^Fp       , Gs^Fp       , Gs^Fp       , Gs^Fp       , Gs^Fp       , Gs^Fp       , Gs^Fp       , Gs^Fp       , Gs^Fp       , Gs^Fp       , Gs^Fp       , Gs^Fp       , Gs^Fp       , Gs^Fp       , Ww          , Gg          , Gg          , Gg          , Gs^Fp       , Gs^Fp       , Gs^Fp       , Gs^Fp       , Gs^Fp       , Gs^Fp       , Gs^Fp       , Hh          , Mm          , Mm          , Hh          , Mm          , Hh          , Mm          , Gs^Fp       , Gs^Fp       , Gs^Fp       , Gs^Fp       , Gs^Fp       
Re          ,Re          , 1 Rr        , Gs^Fp       , Rr          , Gs^Fp       , Gs^Fp       , Gs^Fp       , Gs^Fp       , Gs^Fp       , Gs^Fp       , Gs^Fp       , Gs^Fp       , Gs^Fp       , Gs^Fp       , Gs^Fp       , Gs^Fp       , Gs^Fp       , Gs^Fp       , Ww          , Gg          , Gg          , Gg          , Gs^Fp       , Gs^Fp       , Gs^Fp       , Gs^Fp       , Gs^Fp       , Gs^Fp       , Gs^Fp       , Hh          , Mm          , Mm          , Hh          , Mm          , Hh          , Mm          , Gs^Fp       , Gs^Fp       , Gs^Fp       , Gs^Fp       , Gs^Fp       
Gs^Fp       ,Gs^Fp       , Gs^Fp       , Rr          , Gs^Fp       , Rr          , Gs^Fp       , Gs^Fp       , Gs^Fp       , Gs^Fp       , Gs^Fp       , Gs^Fp       , Gs^Fp       , Gs^Fp       , Gs^Fp       , Gs^Fp       , Gg^Vh       , Gs^Fp       , Ww          , Ww          , Gs^Fp       , Gg          , Gs^Fp       , Gs^Fp       , Gs^Fp       , Gs^Fp       , Mm          , Mm          , Hh          , Gs^Fp       , Gs^Fp       , Mm          , Hh          , Qxu         , Qxu         , Mm          , Mm          , Mm          , Hh          , Gs^Fp       , Gs^Fp       , Gs^Fp       
Gs^Fp       ,Gs^Fp       , Gs^Fp       , Gs^Fp       , Gs^Fp       , Rr          , Rr          , Gs^Fp       , Ce          , Ce          , Gg          , Gg^Vh       , Gg          , Gs^Fp       , Gs^Fp       , Gs^Fp       , Gs^Fp       , Wo          , Ww          , Gs^Fp       , Gs^Fp       , Gs^Fp       , Mm          , Gs^Fp       , Mm          , Hh          , Mm          , Mm          , Mm          , Mm          , Mm          , Gs^Fp       , Mm^Xm       , Mm          , Gs^Fp       , Mm          , Qxu         , Mm          , Hh          , Gs^Fp       , Gs^Fp       , Gs^Fp       
Gg          ,Gg          , Gs^Fp       , Gs^Fp       , Gs^Fp       , Gs^Fp       , Ce          , Ke          , Rr          , Gg          , Gg^Vh       , Gg          , Gg          , Gg          , Gs^Fp       , Gs^Fp       , Gs^Fp       , Wo          , Ww          , Gs^Fp       , Gs^Fp       , Gs^Fp       , Gs^Fp       , Mm          , Qxu         , Mm          , Qxu         , Mm          , Mm^Xm       , Mm^Xm       , Mm^Xm       , Mm^Xm       , Xu          , Mm^Xm       , Mm^Xm       , Mm          , Qxu         , Mm          , Hh          , Gs^Fp       , Gs^Fp       , Gs^Fp       
Gg          ,Gg          , Gs^Fp       , Gs^Fp       , Gs^Fp       , Ce          , Gg^Vh       , Gg          , Gg          , Rr          , Rr          , Gg          , Gs^Fp       , Gg^Vh       , Ce          , Gs^Fp       , Gs^Fp       , Ww          , Gs^Fp       , Gs^Fp       , Gs^Fp       , Gs^Fp       , Gs^Fp       , Hh          , Mm          , Qxu         , Qxu         , Qxu         , Xu          , Xu          , Xu          , Xu          , Ql          , Xu          , Xu          , Mm^Xm       , Mm          , Hh          , Gs^Fp       , Gs^Fp       , Gs^Fp       , Gs^Fp       
Gg          ,Gg          , Gs^Fp       , Gs^Fp       , Gs^Fp       , Gs^Fp       , Gg          , Gg          , Gg          , Gg          , Gs^Fp       , Rr          , 2 Ke        , Ce          , Gs^Fp       , Gs^Fp       , Ww          , Ww          , Gg^Vh       , Gg          , Gg          , Gs^Fp       , Gg          , Gs^Fp       , Hh          , Hh          , Qxu         , Xu          , Uu^Uf       , Uu^Vu       , Uu          , Uu          , Uu          , Uu          , Mm          , Mm^Xm       , Qxu         , Mm          , Hh          , Gs^Fp       , Gs^Fp       , Gs^Fp       
Gs^Fp       ,Gs^Fp       , Gs^Fp       , Gs^Fp       , Gs^Fp       , Gs^Fp       , Gg^Vh       , Gs^Fp       , Gg          , Gs^Fp       , Ce          , Ce          , Rr          , Rr          , Ww^Bw\      , Ww          , Ww          , Gs^Fp       , Gs^Fp       , Gg          , Gg          , Gs^Fp       , Gs^Fp       , Gs^Fp       , Hh          , Mm          , Mm^Xm       , Xu          , Uu          , Uu          , Ce          , Ce          , 3 Kud       , Ce          , Xu          , Mm          , Gs^Fp       , Qxu         , Hh          , Gs^Fp       , Gs^Fp       , Gs^Fp       
Gs^Fp       ,Gs^Fp       , Gs^Fp       , Gs^Fp       , Gs^Fp       , Gs^Fp       , Gs^Fp       , Gg^Vh       , Gs^Fp       , Gs^Fp       , Ww          , Ww          , Ww^Bw|      , Ww          , Gs^Fp       , Re          , Re          , Ww          , Ww          , Gs^Fp       , Ds          , Ds          , Ds          , Hh          , Mm          , Mm          , Hh          , Uu          , Xu          , Uu          , Uh          , Cud         , Uu          , Cud         , Xu          , Mm^Xm       , Hh          , Hh          , Gs^Fp       , Gs^Fp       , Gs^Fp       , Gs^Fp       
Gs^Fp       ,Gs^Fp       , Gs^Fp       , Gs^Fp       , Gs^Fp       , Gs^Fp       , Ww          , Gs^Fp       , Ww          , Ww          , Gs^Fp       , Ww          , Re          , Gs^Fp       , Gs^Fp       , Gg          , Gg^Vh       , Re          , Re          , Ww          , Ww          , Ds          , Ds          , Gs^Fp       , Gs^Fp       , Hh          , Hh          , Qxu         , Mm^Xm       , Xu          , Xu          , Uu          , Uu          , Xu          , Mm^Xm       , Mm^Xm       , Gs^Fp       , Mm          , Gs^Fp       , Gs^Fp       , Re          , Re          
Gs^Fp       ,Gs^Fp       , Gs^Fp       , Gs^Fp       , Ww          , Ww          , Gs^Fp       , Ww          , Gs^Fp       , Gs^Fp       , Re          , Re          , Gg          , Gg          , Gg          , Gg          , Gs^Fp       , Gs^Fp       , Re          , Gs^Fp       , Gs^Fp       , Ww          , Ds          , Gs^Fp       , Gs^Fp       , Gg          , Qxu         , Qxu         , Mm          , Mm^Xm       , Hh          , Re          , Gs^Fp       , Mm^Xm       , Gs^Fp       , Mm          , Mm          , Gs^Fp       , Re          , Gs^Fp       , Re          , Re          
Gs^Fp       ,Gs^Fp       , Ww          , Ww          , Gs^Fp       , Gs^Fp       , Gs^Fp       , Gs^Fp       , Re          , Gs^Fp       , Gs^Fp       , Gs^Fp       , Gs^Fp       , Gs^Fp       , Hh          , Gs^Fp       , Gs^Fp       , Re          , Gs^Fp       , Gs^Fp       , Gs^Fp       , Ww          , Ww          , Ds          , Gs^Fp       , Qxu         , Qxu         , Gs^Fp       , Gs^Fp       , Mm          , Mm          , Gs^Fp       , Re          , Gs^Fp       , Mm          , Mm          , Re          , Re          , Gs^Fp       , Re          , Gs^Fp       , Gs^Fp       
Ww          ,Ww          , Ww          , Gs^Fp       , Gg          , Gg^Vh       , Gs^Fp       , Gs^Fp       , Re          , Gs^Fp       , Gs^Fp       , Gs^Fp       , Gs^Fp       , Gg^Vh       , Hh          , Hh          , Hh          , Re          , Hh          , Hh          , Hh          , Ds          , Ds          , Ww          , Gs^Fp       , Gs^Fp       , Gs^Fp       , Gs^Fp       , Gs^Fp       , Gs^Fp       , Gs^Fp       , Gs^Fp       , Gs^Fp       , Re          , Re          , Re          , Hh          , Hh          , Gs^Fp       , Gs^Fp       , Gs^Fp       , Gs^Fp       
Gs^Fp       ,Gs^Fp       , Gs^Fp       , Gs^Fp       , Gs^Fp       , Gg          , Gs^Fp       , Gs^Fp       , Re          , Gs^Fp       , Gs^Fp       , Gs^Fp       , Gs^Fp       , Gs^Fp       , Gs^Fp       , Hh          , Hh          , Re          , Re          , Hh          , Gs^Fp       , Gs^Fp       , Ww          , Ww          , Gs^Fp       , Gs^Fp       , Re          , Gs^Fp       , Gs^Fp       , Gs^Fp       , Gs^Fp       , Gs^Fp       , Re          , Re          , Gs^Fp       , Hh          , Gs^Fp       , Gs^Fp       , Gs^Fp       , Gs^Fp       , Gs^Fp       , Gs^Fp       
Gs^Fp       ,Gs^Fp       , Re          , Gs^Fp       , Gs^Fp       , Gs^Fp       , Gg          , Gs^Fp       , Re          , Re          , Re          , Gs^Fp       , Gs^Fp       , Gs^Fp       , Gs^Fp       , Gs^Fp       , Gs^Fp       , Hh          , Re          , Gs^Fp       , Gs^Fp       , Gs^Fp       , Gs^Fp       , Ss          , Re          , Re          , Gs^Fp       , Re          , Gs^Fp       , Re          , Gs^Fp       , Re          , Gs^Fp       , Gs^Fp       , Gs^Fp       , Gs^Fp       , Gs^Fp       , Gs^Fp       , Gs^Fp       , Gs^Fp       , Gs^Fp       , Gs^Fp       
Re          ,Re          , Gs^Fp       , Re          , Re          , Gg          , Re          , Gs^Fp       , Gs^Fp       , Gs^Fp       , Gs^Fp       , Re          , Re          , Gs^Fp       , Gs^Fp       , Gs^Fp       , Gs^Fp       , Gs^Fp       , Re          , Gs^Fp       , Gs^Fp       , Gs^Fp       , Re          , Ww^Bw/      , Ss          , Gs^Fp       , Hh          , Gs^Fp       , Gs^Fp       , Re          , Re          , Gs^Fp       , Gs^Fp       , Gs^Fp       , Gs^Fp       , Gs^Fp       , Gg          , Gg          , Gg          , Gg^Vh       , Gs^Fp       , Gs^Fp       
Gs^Fp       ,Gs^Fp       , Gg^Vh       , Gs^Fp       , Gs^Fp       , Re          , Gs^Fp       , Gs^Fp       , Gs^Fp       , Gs^Fp       , Gs^Fp       , Gs^Fp       , Re          , Gs^Fp       , Gs^Fp       , Gs^Fp       , Gs^Fp       , Gs^Fp       , Gs^Fp       , Re          , Re          , Re          , Gs^Fp       , Ss          , Ss          , Hh          , Hh          , Gs^Fp       , Gg^Vh       , Gs^Fp       , Gs^Fp       , Re          , Re          , Gs^Fp       , Gs^Fp       , Gs^Fp       , Gg          , Gg          , Gg          , Gg          , Gs^Fp       , Gs^Fp       
Gs^Fp       ,Gs^Fp       , Gs^Fp       , Gs^Fp       , Gs^Fp       , Gs^Fp       , Re          , Re          , Re          , Gs^Fp       , Gs^Fp       , Re          , Gs^Fp       , Gs^Fp       , Gs^Fp       , Gs^Fp       , Gs^Fp       , Gs^Fp       , Gs^Fp       , Gs^Fp       , Gs^Fp       , Re          , Gs^Fp       , Gs^Fp       , Gs^Fp       , Ww          , Gs^Fp       , Gg          , Gs^Fp       , Gs^Fp       , Re          , Re          , Gg          , Gs^Fp       , Re          , Gs^Fp       , Gg          , Gg          , Gs^Fp       , Gs^Fp       , Gs^Fp       , Gs^Fp       
Gs^Fp       ,Gs^Fp       , Re          , Re          , Gs^Fp       , Re          , Gs^Fp       , Gs^Fp       , Gs^Fp       , Re          , Re          , Re          , Gs^Fp       , Gs^Fp       , Gs^Fp       , Gs^Fp       , Gs^Fp       , Gs^Fp       , Gs^Fp       , Hh          , Hh          , Gs^Fp       , Hh          , Hh          , Gs^Fp       , Ww          , Gs^Fp       , Gs^Fp       , Gs^Fp       , Gs^Fp       , Re          , Gg          , Gg          , Gs^Fp       , Gs^Fp       , Re          , Re          , Gs^Fp       , Gs^Fp       , Gs^Fp       , Re          , Re          
Gs^Fp       ,Gs^Fp       , Re          , Gs^Fp       , Gs^Fp       , Re          , Re          , Gs^Fp       , Gg          , Gs^Fp       , Gs^Fp       , Re          , Re          , Gs^Fp       , Gs^Fp       , Gs^Fp       , Re          , Gs^Fp       , Gs^Fp       , Gg^Vh       , Gg^Vh       , Hh          , Hh          , Gs^Fp       , Gs^Fp       , Ww          , Gs^Fp       , Gs^Fp       , Gs^Fp       , Gs^Fp       , Gs^Fp       , Re          , Gg          , Gs^Fp       , Gs^Fp       , Gs^Fp       , Gs^Fp       , Re          , Re          , Re          , Gs^Fp       , Gs^Fp       
Re          ,Re          , Gs^Fp       , Gs^Fp       , Mm          , Hh          , Re          , Gs^Fp       , Hh          , Hh          , Ss          , Gs^Fp       , Gs^Fp       , Re          , Re          , Re          , Gs^Fp       , Gs^Fp       , Gs^Fp       , Gs^Fp       , Gs^Fp       , Gs^Fp       , Gs^Fp       , Gs^Fp       , Ww          , Ww          , Gs^Fp       , Gs^Fp       , Hh          , Gs^Fp       , Gs^Fp       , Re          , Gg          , Gs^Fp       , Gs^Fp       , Hh          , Gs^Fp       , Gs^Fp       , Gs^Fp       , Gs^Fp       , Gs^Fp       , Gs^Fp       
Gs^Fp       ,Gs^Fp       , Gs^Fp       , Gs^Fp       , Mm          , Mm          , Gs^Fp       , Hh          , Re          , Mm          , Ss          , Ss          , Gs^Fp       , Gs^Fp       , Re          , Gs^Fp       , Gs^Fp       , Gs^Fp       , Gs^Fp       , Gs^Fp       , Gs^Fp       , Gs^Fp       , Ww          , Ww          , Gg          , Gs^Fp       , Gs^Fp       , Gs^Fp       , Gg^Vh       , Hh          , Gs^Fp       , Re          , Re          , Gg          , Gg          , Gs^Fp       , Gs^Fp       , Gs^Fp       , Hh          , Hh          , Gs^Fp       , Gs^Fp       
Gs^Fp       ,Gs^Fp       , Hh          , Mm          , Hh          , Gg          , Ds          , Re          , Ce          , Ss          , Re          , Hh          , Mm          , Gs^Fp       , Gs^Fp       , Re          , Gs^Fp       , Gs^Fp       , Gs^Fp       , Gs^Fp       , Gs^Fp       , Gs^Fp       , Ww          , Gs^Fp       , Gg          , Gg          , Gg          , Gg          , Gg          , Gg          , Gg          , Gg          , Re          , Re          , Re          , Gg          , Gs^Fp       , Gs^Fp       , Gs^Fp       , Hh          , Gs^Fp       , Gs^Fp       
Gs^Fp       ,Gs^Fp       , Mm          , Gg          , Ss          , Ss          , Ds          , Ce          , 4 Ke        , Ce          , Re^Uf       , Mm          , Mm          , Gs^Fp       , Hh          , Hh          , Re          , Gs^Fp       , Gs^Fp       , Wo          , Gs^Fp       , Gs^Fp       , Ww          , Gs^Fp       , Gg^Vh       , Gg          , Gg          , Gg          , Hh          , Gs^Fp       , Re          , Re          , Gs^Fp       , Gs^Fp       , Gs^Fp       , Re          , Gs^Fp       , Gs^Fp       , Gs^Fp       , Gs^Fp       , Gs^Fp       , Gs^Fp       
Gs^Fp       ,Gs^Fp       , Mm          , Gg          , Ss          , Re^Uf       , Re^Uf       , Ce          , Ce          , Ce          , Re^Uf       , Hh          , Mm          , Gs^Fp       , Gs^Fp       , Hh          , Re          , Gs^Fp       , Gs^Fp       , Gs^Fp       , Gs^Fp       , Gs^Fp       , Ww          , Gs^Fp       , Gs^Fp       , Gs^Fp       , Gs^Fp       , Hh          , Gs^Fp       , Gs^Fp       , Gs^Fp       , Gs^Fp       , Gs^Fp       , Gs^Fp       , Gs^Fp       , Gs^Fp       , Gs^Fp       , Re          , Re          , Gs^Fp       , Gs^Fp       , Gs^Fp       
Gs^Fp       ,Gs^Fp       , Gs^Fp       , Mm          , Mm          , Mm          , Gs^Fp       , Re          , Ds          , Ss          , Ss          , Ss          , Mm          , Mm          , Gs^Fp       , Gs^Fp       , Re          , Gs^Fp       , Gs^Fp       , Gs^Fp       , Gs^Fp       , Gs^Fp       , Gs^Fp       , Ww          , Ww          , Ds          , Ds          , Gs^Fp       , Gs^Fp       , Re          , Gs^Fp       , Gs^Fp       , Gg          , Gs^Fp       , Gs^Fp       , Gs^Fp       , Gs^Fp       , Gs^Fp       , Re          , Gs^Fp       , Gs^Fp       , Gs^Fp       
Gs^Fp       ,Gs^Fp       , Gs^Fp       , Gs^Fp       , Hh          , Mm          , Mm          , Gs^Fp       , Mm          , Ds          , Mm          , Mm          , Mm          , Gs^Fp       , Re          , Gs^Fp       , Gs^Fp       , Re          , Re          , Re          , Re          , Gs^Fp       , Gs^Fp       , Ds          , Ds          , Ww          , Ds          , Gs^Fp       , Gs^Fp       , Re          , Gg          , Gg          , Gg          , Gg          , Gs^Fp       , Gs^Fp       , Mm          , Gs^Fp       , Gs^Fp       , Re          , Re          , Re          
Gs^Fp       ,Gs^Fp       , Gs^Fp       , Gs^Fp       , Gs^Fp       , Hh          , Gg          , Hh          , Gg          , Ds          , Mm          , Mm          , Gs^Fp       , Gs^Fp       , Re          , Gs^Fp       , Gs^Fp       , Gs^Fp       , Gs^Fp       , Gs^Fp       , Gs^Fp       , Gs^Fp       , Re          , Gs^Fp       , Gs^Fp       , Ww          , Ds          , Gs^Fp       , Re          , Gg          , Gg          , Gg          , Gs^Fp       , Gs^Fp       , Mm          , Mm          , Gg          , Gs^Fp       , Gg          , Gs^Fp       , Gs^Fp       , Gs^Fp       
Gs^Fp       ,Gs^Fp       , Gg          , Gs^Fp       , Gg          , Gg          , Gg          , Hh          , Hh          , Hh          , Gs^Fp       , Gs^Fp       , Gs^Fp       , Re          , Gs^Fp       , Gs^Fp       , Gs^Fp       , Hh          , Mm          , Hh          , Mm          , Gs^Fp       , Gs^Fp       , Re          , Gs^Fp       , Ww          , Ds          , Gs^Fp       , Re          , Gg          , Gs^Fp       , Gs^Fp       , Mm          , Mm          , Gg          , Mm          , Gg          , Gg          , Gg          , Mm          , Gs^Fp       , Gs^Fp       
Gg          ,Gg          , Gg          , Gs^Fp       , Gg          , Gg          , Gg          , Gg          , Gs^Fp       , Gs^Fp       , Gs^Fp       , Gs^Fp       , Re          , Re          , Gs^Fp       , Hh          , Mm          , Mm          , Qxu         , Qxu         , Qxu         , Mm          , Hh          , Gs^Fp       , Gs^Fp       , Ww          , Ww          , Gs^Fp       , Gs^Fp       , Gs^Fp       , Gs^Fp       , Mm          , Mm          , Gg          , Gg          , Gg          , Gg          , Gs^Fp       , Mm          , Mm          , Gs^Fp       , Gs^Fp       
Gs^Fp       ,Gs^Fp       , Gs^Fp       , Gg          , Gs^Fp       , Gg          , Gs^Fp       , Gs^Fp       , Gs^Fp       , Gs^Fp       , Re          , Gs^Fp       , Gs^Fp       , Gs^Fp       , Mm          , Mm          , Mm          , Qxu         , Re          , Re          , Qxu         , Mm          , Mm          , Hh          , Gs^Fp       , Ds          , Ww          , Gs^Fp       , Ss^Vhs      , Gs^Fp       , Gs^Fp       , Hh          , Mm          , Mm          , Mm          , Gs^Fp       , Gs^Fp       , Gg          , Re^Uf       , Mm          , Mm          , Mm          
Gs^Fp       ,Gs^Fp       , Gs^Fp       , Gs^Fp       , Gg          , Gg          , Gs^Fp       , Gs^Fp       , Re          , Re          , Gs^Fp       , Gs^Fp       , Gs^Fp       , Gs^Fp       , Gs^Fp       , Hh          , Mm          , Qxu         , Qxu         , Re          , Re          , Qxu         , Mm          , Mm          , Gs^Fp       , Ds          , Ww          , Ss          , Ss          , Ss          , Ss          , Gs^Fp       , Mm          , Gs^Fp       , Mm          , Gg          , Mm          , Re          , Re^Uf       , Mm          , Mm          , Mm          
Gs^Fp       ,Gs^Fp       , Gs^Fp       , Gg          , Gs^Fp       , Gg          , Gs^Fp       , Re          , Gs^Fp       , Re          , Gs^Fp       , Gs^Fp       , Gs^Fp       , Gs^Fp       , Gs^Fp       , Mm          , Hh          , Mm          , Mm          , Qxu         , Re          , Hh          , Hh          , Hh          , Gs^Fp       , Gs^Fp       , Ww          , Gs^Fp       , Ss          , Mm          , Hh          , Hh          , Mm          , Mm^Xm       , Mm          , Mm          , Hh          , Hh          , Hh          , Mm          , Hh          , Hh          
Gs^Fp       ,Gs^Fp       , Gs^Fp       , Gs^Fp       , Gs^Fp       , Gs^Fp       , Re          , Re          , Gs^Fp       , Re          , Re          , Gs^Fp       , Gg^Vh       , Gs^Fp       , Gs^Fp       , Gg          , Gg          , Gg          , Mm          , Qxu         , Mm          , Re          , Gs^Fp       , Gs^Fp       , Gs^Fp       , Gs^Fp       , Ww          , Gs^Fp       , Hh          , Mm          , Mm          , Hh          , Mm          , Mm^Xm       , Hh          , Mm          , Mm^Xm       , Mm          , Mm          , Hh          , Hh          , Hh          
Re          ,Re          , Re          , Gs^Fp       , Re          , Gs^Fp       , Gs^Fp       , Gs^Fp       , Gs^Fp       , Gs^Fp       , Re          , Gs^Fp       , Gs^Fp       , Gs^Fp       , Gs^Fp       , Gg          , Gs^Fp       , Gs^Fp       , Gs^Fp       , Mm          , Gs^Fp       , Gs^Fp       , Ww          , Gs^Fp       , Ww          , Ww          , Ss          , Gs^Fp       , Gs^Fp       , Hh          , Mm          , Gs^Fp       , Gs^Fp       , Hh          , Qxu         , Mm          , Cud         , Uu^Vu       , Re^Uf       , Mm          , Mm^Xm       , Mm^Xm       
Gs^Fp       ,Gs^Fp       , Hh          , Re          , Gs^Fp       , Gs^Fp       , Mm          , Gs^Fp       , Gs^Fp       , Gs^Fp       , Gs^Fp       , Re          , Re          , Gs^Fp       , Gs^Fp       , Gs^Fp       , Gg^Vh       , Gs^Fp       , Ss          , Gs^Fp       , Ww          , Ww          , Ss          , Ww          , Gs^Fp       , Gs^Fp       , Ss          , Ss          , Ss^Vhs      , Gs^Fp       , Gs^Fp       , Gs^Fp       , Qxu         , Re^Uf       , Qxu         , Cud         , 5 Kud       , Cud         , Mm^Xm       , Mm^Xm       , Mm^Xm       , Mm^Xm       
Gs^Fp       ,Gs^Fp       , Gg^Vh       , Re          , Hh          , Hh          , Hh          , Mm          , Mm          , Gs^Fp       , Gs^Fp       , Gs^Fp       , Gs^Fp       , Re          , Re          , Gs^Fp       , Gs^Fp       , Gs^Fp       , Ww          , Ww          , Ss          , Gs^Fp       , Gs^Fp       , Gs^Fp       , Gs^Fp       , Ss^Vhs      , Gs^Fp       , Gs^Fp       , Gg          , Gg          , Gs^Fp       , Hh          , Mm          , Qxu         , Re^Uf       , Cud         , Cud         , Cud         , Mm          , Mm^Xm       , Mm^Xm       , Mm^Xm       
Gs^Fp       ,Gs^Fp       , Re          , Re          , Re          , Gs^Fp       , Gg^Vh       , Hh          , Hh          , Mm          , Mm          , Gs^Fp       , Gs^Fp       , Gs^Fp       , Re          , Gs^Fp       , Gs^Fp       , Ww          , Gs^Fp       , Ss          , Ss^Vhs      , Gs^Fp       , Gs^Fp       , Gs^Fp       , Gg          , Gs^Fp       , Gg          , Gs^Fp       , Gs^Fp       , Gg          , Gs^Fp       , Mm          , Hh          , Qxu         , Hh          , Hh          , Mm          , Mm          , Mm          , Mm          , Re^Uf       , Re^Uf       
Gs^Fp       ,Gs^Fp       , Gs^Fp       , Gg          , Re          , Re          , Re          , Gs^Fp       , Hh          , Mm          , Mm          , Mm          , Gs^Fp       , Gs^Fp       , Gs^Fp       , Re          , Ww^Bw\      , Ww          , Gs^Fp       , Gs^Fp       , Gs^Fp       , Gs^Fp       , Gs^Fp       , Gg          , Hh          , Gg          , Gg          , Gs^Fp       , Gs^Fp       , Mm          , Hh          , Gg          , Gg          , Mm          , Mm          , Mm^Xm       , Re^Uf       , Qxu         , Qxu         , Qxu         , Re^Uf       , Re^Uf       
Gs^Fp       ,Gs^Fp       , Gs^Fp       , Gg^Vh       , Gs^Fp       , Gg          , Gg          , Re          , Re          , Mm          , Mm          , Gs^Fp       , Ww          , Ww          , Ww          , Ww          , Gs^Fp       , Re          , Re          , Gs^Fp       , Gs^Fp       , Gs^Fp       , Gg          , Gg          , Gg          , Hh          , Gg          , Gg          , Gs^Fp       , Re^Uf       , Re^Uf       , Hh          , Mm          , Hh          , Mm          , Hh          , Re^Uf       , Re^Uf       , Mm          , Mm          , Mm          , Mm          
Gs^Fp       ,Gs^Fp       , Gs^Fp       , Gs^Fp       , Gs^Fp       , Gg          , Gs^Fp       , Gg          , Re          , Gg^Vh       , Hh          , Gs^Fp       , Ww          , Gs^Fp       , Gs^Fp       , Gs^Fp       , Gs^Fp       , Gg^Vh       , Gs^Fp       , Re          , Gs^Fp       , Gg          , Gs^Fp       , Gs^Fp       , Gs^Fp       , Gg          , Gs^Fp       , Gs^Fp       , Gs^Fp       , Gs^Fp       , Gs^Fp       , Mm          , Mm          , Mm          , Mm          , Mm          , Mm          , Mm          , Mm          , Mm          , Mm          , Mm          
Gs^Fp       ,Gs^Fp       , Gs^Fp       , Gs^Fp       , Gs^Fp       , Gg          , Gs^Fp       , Gg          , Re          , Gg       , Hh          , Gs^Fp       , Ww          , Gs^Fp       , Gs^Fp       , Gs^Fp       , Gs^Fp       , Gg       , Gs^Fp       , Re          , Gs^Fp       , Gg          , Gs^Fp       , Gs^Fp       , Gs^Fp       , Gg          , Gs^Fp       , Gs^Fp       , Gs^Fp       , Gs^Fp       , Gs^Fp       , Mm          , Mm          , Mm          , Mm          , Mm          , Mm          , Mm          , Mm          , Mm          , Mm          , Mm          
