Xoc, Xoc, Xoc, Xoc, Xoc, Xoc, Xoc, Xoc, Xoc, Xoc, Xoc, Xoc, Xoc, Xoc, Xoc, Xoc, Xoc, Xoc, Xoc, Xoc, Xoc, Xoc
Isr^_s, Xoc, Xoc, Xoc, Xoc, Xoc, Xoc, Xoc, Xoc, Xoc, Xoc, Xoc, Xoc, Xoc, Xoc, Xoc, Xoc, Xoc, Xoc, Xoc, Xoc, Isr^_s
Isr^_s, Xoc, Xoc, Xoc, Xoc, Xoc, Xoc, Xoc, Xoc, Xoc, Xoc, Xoc, Xoc, Xoc, Xoc, Xoc, Xoc, Xoc, Xoc, Xoc, Xoc, Isr^_s
Isr^_s, Xoc, Xoc, Xoc, Xoc, Xoc, Xoc, Xoc, Xoc, Xoc, Xoc, Xoc, Xoc, Xoc, Xoc, Xoc, Xoc, Xoc, Xoc, Xoc, Xoc, Isr^_s
Isr^_s, Xoc, Xoc, Xoc, Xoc, Xoc, Xoc, Xoc, Xoc, Xoc^Efs, Xoc, Xoc^Efs, Xoc, Xoc, Xoc, Xoc, Xoc, Xoc, Xoc, Xoc, Xoc, Isr^_s
Isr^_s, Xoc, Xoc, Xoc, Xoc, Xoc, Xoc, Xoc, Isc, Isc, 2 Isc, Isc, Isc, Xoc, Xoc, Xoc, Xoc, Xoc, Xoc, Xoc, Xoc, Isr^_s
Isr^_s, Xoc, Xoc, Xoc, Xoc, Xoc, Isr, Isr, Isr, Isc, Isc, Isc, Isr, Isr, Isr, Xoc, Xoc, Xoc, Xoc, Xoc, Xoc, Isr^_s
Isr^_s, Xoc, Xoc, Xoc, Xoc, Isr^Ebn, Ch, Isr, Ch, Isr, Iwc, Isr, Ch, Isr, Ch, Isr^Ebn, Xoc, Xoc, Xoc, Xoc, Isr, Isr^_s
Isr^_s, Isr, Isr, Xoc, Xoc, Xoc^Efs, Iwr, Ch, Ch, Iwc^Efs, Iwc, Iwc^Efs, Ch, Ch, Iwr, Xoc^Efs, Xoc, Xoc, Isr, Isr, Isr, Xoc^Efs
Isr^_s, Xoc, Xoi, Isa^Pr/, Iwr, Iwr, Iwr, Iwr, Iwr, Iwc, Iwc, Iwc, Iwr, Iwr, Iwr, Iwr, Iwr, Isa^Pr\, Xoc, Xoc, Xoc, Isr^_s
Isr^_s, Xoc, Xoc, Xoc, Iwr, Xoc, Iwr, Iwr, Iwr, Iwc, Iwc, Iwc, Iwr, Iwr, Iwr, Xoc, Iwr, Xoc, Xoc, Xoc, Xoc, Isr^_s
Iwr^_s, Xoc, Xoc, Xoc, Ch^Ebn, Iwr, Iwr, Iwr, Iwr, Iwc, Iwc, Iwc, Iwr, Iwr, Iwr, Iwr, Ch^Ebn, Xoc, Xoc, Xoc, Xoc, Isr^_s
Iwr^_s, Xoc, Xoc, Xoc, Xoc, Ch, Xof, Xof, Iwr^Efs, Iwc, Iwc, Iwc, Iwr^Efs, Xof, Xof, Ch, Xoc, Xoc, Xoc, Xoc, Xoc, Isr^_s
Iwr^_s, Xoc, Xoc, Xoc, Xoc, Xof, Wwt, Wwt, Iwc, Iwc, Iwc, Iwc, Iwc, Wwt, Wwt, Xof, Xoc, Xoc, Xoc, Xoc, Xoc, Isr^_s
Iwr^_s, Xoc, Xoc, Xoc, Ch^Ebn, Ch, Iwr, Iwc, Iwc, Iwc, Iwc, Iwc, Iwc, Iwc, Iwr, Ch, Ch^Ebn, Xoc, Xoc, Xoc, Xoi, Isr^_s
Iwr^_s, Xoc, Xoc, Xoc, Iwr, Iwr, Iwr, Iwr, Iwr, Iwc, Iwc, Iwc, Iwr, Iwr, Iwr, Iwr, Iwr, Xoc, Xoc, Xoc, Xoi, Isr^_s
Iwr^_s, Xoc, Xoi, Xoi, Iwr, Xoc, Iwr, Iwr, Iwr, Iwc, Iwc, Iwc, Iwr, Iwr, Iwr, Xoc, Iwr, Xoi, Xoi, Xoi, Xoi, Iwr^_s
Iwr^_s, Xoi, Iwr, Iwr^Pw\, Xoi, Iwr, Iwr, Iwr, Iwr, Iwc, Iwc, Iwc, Iwr, Iwr, Iwr, Iwr, Xoi, Iwr^Pw/o, Iwr, Xoi, Iwr, Iwr^_s
Iwr^_s, Iwr, Xoi, Xoi, Xoc, Xoc, Xoc, Xoc, Xoc, Iwc, Iwc, Iwc, Xoc, Xoc, Xoc, Xoc, Xoc, Xoi, Xoi, Iwr, Iwr, Iwr^_s
Iwr^_s, Xoi, Xoc, Xoc, Xoc, Xoc, Xoc, Xoc, Xoc, Iwc, Iwc, Iwc, Xoc, Xoc, Xoc, Xoc, Xoc, Xoc, Xoc, Xoi, Xoi, Iwr^_s
Xoc, Xoc, Xoc, Xoc, Xoc, Xoc, Xoc, Ch^Ebn, Iwr, Iwc, Iwc, Iwc, Iwr, Ch^Ebn, Xoc, Xoc, Xoc, Xoc, Xoc, Xoc, Xoc, Xoi
Xoc, Xoc, Xoc, Xoc, Xoc, Xoc, Xoc, Iwr^Pr|, Iwr, Iwc, Iwc, Iwc, Iwr, Iwr^Pr|, Xoc, Xoc, Xoc, Xoc, Xoc, Xoc, Xoc, Xoc
