Mm, Mm, Mm, Ww, Ww, Wo, Wo, Gg, Mm, Gg, Hh^Fp, Mm, Mm, Mm, Hh, Gs, Hh, Gs, Mm, Gs, Hh, Mm, Mm, Mm, Mm, Mm, Mm, Mm, Mm, Mm, Mm, Mm, Mm, Mm^Xm, Mm^Xm, Gs, Gg^Fp, Gs, Qxu, Qxu, Mm, Mm, Mm^Fp, Mm^Fp, Mm, Mm, Mm, Mm, Mm, Mm
Mm, Mm, Wwr, Mm, Ww, Wo, Mm, Mm, Wwr, Mm, Hh^Fp, Hh^Fp, Hh, Hh, Mm^Fp, Mm, Mm, Hh, Mm, Mm, Mm, Mm, Mm, Mm, Mm, Mm, Mm, Mm, Mm, Mm, Mm, Mm, Mm, Mm, Mm, Gg^Fp, Gg^Fp, Hh^Fp, Qxu, Gg^Fp, Mm, Mm, Mm^Fp, Mm, Mm, Mm, Mm, Mm, Mm, Mm
Mm, Ww, Mm, Ww, Mm, Wo, Wo, Ww, Ww, Hh, Gg^Fp, Gg^Fp, Cf, Hh^Vud, Hh^Fp, Mm^Fp, Mm, Mm^Vhh, Mm, Mm, Mm, Mm, Mm, Mm, Mm, Mm, Mm, Mm, Mm, Mm, Mm, Mm, Mm, Mm, Mm, Gg^Fp, Hh^Fp, Qxu, Hh^Fp, Gg^Fp, Gg^Fp, Mm, Mm, Mm, Mm, Mm, Mm, Mm, Mm, Mm
Mm, Wwr, Mm, Mm^Fp, Wo, Wo, Wo, Wo, Ww, Gg^Fp, Cf, Kf, Gg^Fp, Gg^Fp, Hh^Fp, Mm, Wwrt, Mm, Mv, Wwrt, Wwrt, Mm, Mm, Mm, Mm, Mm, Mm^Xm, Mm, Mm^Xm, Mm, Mm, Mm, Wwf, Mm^Fp, Mm, Mm, Mm^Fp, Qxu, Hh^Fp, Mm, Mm, Hh^Fp, Mm, Mm, Mm, Mm, Mm, Mm, Mm, Mm
Mm^Xm, Mm^Xm, Mm^Xm, Wwr, Wo, Wo, Wo, Wo, Ww, Gg^Fp, Hh^Vud, Gg^Fp, Gg^Fms, Gg^Fp, Gg, Hh, Wwt, Md, Md, Md, Wwrt, Gg^Fds, Mm, Mm, Mm^Xm, Mm^Xm, Mm^Xm, Mm^Xm, Mm^Xm, Mm^Xm, Mm, Wwf, Hh, Wwf, Ww, Mm^Fp, Hh^Fp, Qxu, Gg^Fp, Hh^Fp, Mm, Mm, Mm, Mm, Mm, Mm, Mm, Mm^Fp, Mm^Xm, Mm^Xm
Mm, Mm^Xm, Mm^Fp, Mm, Ww, Wo, Ww, Wo, Ww, Ww, Hh, Hh^Fp, Gg^Fp, Gg, Gg^Fp, Gg^Fds, Mm, Mm, Mm, Hhd, Wwt, Wwt, Mm, Mm, Mm, Mm^Xm, Mm^Xm, Mm^Xm, Mm^Xm, Mm^Xm, Mm, Mm, Mm, Hh^Fp, Gg^Fp, Ww, Hh^Fp, Gg^Fp, Mm, Mm, Mm, Mm, Mm, Mm^Fp, Mm, Mm, Mm, Wo, Mm^Xm, Mm^Xm
Mm, Mm, Mm, Wwr, Wwr, Ww, Mm, Ww, Mm, Mm, Mm, Mm, Mm, Gg, Gg, Mm, Hh^Fp, Mm, Wwt, Wwrt, Mm, Mm, Hh^Fp, Mm, Mm, Mm, Mm, Mm^Xm, Mm, Mm^Xm, Mm, Mm, Mm, Mm, Mm, Ww, Ww, Ww, Ww, Ww, Ww, Mm, Wwt, Ww, Ww, Mm, Mm, Wo, Wo, Mm^Xm
Mm, Mm, Gg, Wwr, Mm, Mm, Mm, Hh, Hh^Fp, Mm, Mm, Mm, Mm, Mm, Hh^Fp, Gg, Gg, Gg^Fds, Wwt, Hh, Mm, Mm, Mm, Hh^Fp, Wwf, Mm, Mm, Mm, Mm, Mm, Mm, Mm, Mm, Mm, Mm, Mm, Gg^Fds, Gg, Mm, Hh, Hh, Wwt, Wwt, Wot, Wwt, Mm, Mm, Mm, Mm, Wo
Mm, Mm, Hh, Gg^Fp, Mm^Fp, Mm^Fp, Mm, Mm, Mm, Hh^Vl, Hh^Fp, Mm, Mm, Mm, Mm, Hh^Fp, Mm, Wwrt, Wwt, Gg^Fds, Hh, Mm, Mm, Mm, Mm, Wwf, Mm, Mm, Mm, Mm, Mm, Mm, Mm, Mm, Mm, Hh, Gg^Fds, Gs, Hhd, Md, Md, Hhd, Ur, Wwt, Wwt, Mm, Ww, Mm, Mm, Mm
Mm, Hh, Hh, Mm, Mm, Mm^Fp, Mm, Mm, Mm, Mm, Mm, Mm, Mm, Mm, Mm, Mm, Mm, Hh, Gg^Fp, Wwt, Gg, Hh, Hh, Mm, Wwr, Wwf, Mm, Hh, Hh^Fp, Mm, Mm, Mm, Mm, Mm, Hh^Fp, Hh^Fp, Gg, Gs, Gs, Hhd, Hhd, Qlf, Qlf, Ur, Hh, Wwt, Wwt, Hh, Hh, Mm
Gg, Hh, Gg, Mm, Mm, Mm, Mm, Mm, Mm, Mm, Mm, Mm, Mm, Mm, Wwf, Mm, Hh, Hh, Wwr, Ww, Ww, Hh^Fp, Hh, Hh, Ww, Mm, Mm, Mm, Gg^Fp, Gg^Fp, Gg, Mm, Hh^Fp, Hh, Gg, Hh^Fp, Gg, Gg, Gs, Gd, Md, Md, Qlf, Hhd, Hh, Wwt, Wot, Wwt, Gg^Fds, Mm
Gg, Gg^Fp, Gg^Fp, Hh, Hh^Fp, Mm, Mm^Xm, Mm^Xm, Mm^Xm, Mm^Xm, Mm^Xm, Mm^Xm, Mm^Xm, Mm, Mm, Wwf, Wwf, Wwf, Gg, Gg^Fp, Gg^Fp, Ww, Hh^Fp, Hh^Fp, Ww, Gg^Fp, Gg^Fp, Gg, Wwt, Wwt, Wwt, Gg, Gg, Gg^Fp, Wwt, Gg, Gg, Mm, Hhd, Md, Md, Mv, Md, Md, Hh, Wwt, Wwt, Wwt, Gg^Fds, Mm
Gg, Gg^Fp, Gg, Gg, Hh^Fp, Mm^Fp, Mm, Mm^Xm, Mm^Xm, Mm^Xm, Mm^Xm, Mm^Xm, Mm, Mm, Mm, Mm, Mm, Hh^Fp, Gg^Fp, Gg^Fp, Gg, Ww, Ww, Wwr, Ww, Gg^Fp, Wwt, Wwt, Ur, Gs, Gs, Wwrt, Wwrt, Wwt, Gg^Fds, Wwt, Wwt, Wwrt, Wwt, Md, Md^Vd, Md, Qlf, Md, Gs, Wwt, Hh, Hh, Mm, Mm
Hh, Gg, Gg, Hh^Fp, Mm, Mm, Mm, Mm^Xm, Mm^Xm, Mm^Xm, Mm^Xm, Mm^Xm, Mm^Xm, Mm, Mm, Mm, Mm, Mm, Hh, Hh, Gg, Gg^Fds, Gg^Fds, Ww, Gg^Fds, Wwt, Gs, Gd, Mv, Md^Vd, Md, Ur, Ur, Gs, Hhd, Gg^Fds, Wwt, Wot, Wot, Wwrt, Md, Hhd, Qlf, Md, Ur, Wwt, Wwt, Mm, Mm, Mm
Mm^Xm, Hh, Hh, Hh, Mm, Mm, Mm, Mm, Mm, Mm^Xm, Mm, Mm^Xm, Mm, Mm, Mm, Mm, Mm, Mm, Hh, Gg^Fds, Gs, Gs, Hhd, Gs, Gd, Gs, Ur, Md, Md, Md, Qlf, Md, Ur, Hhd^Vd, Mv, Hhd, Hhd, Wwt, Wwt, Wwrt, Hh, Hhd, Md, Qlf, Md, Gs, Wwt, Mm, Gg, Mm
Mm^Xm, Mm^Xm, Mm^Xm, Gg, Gg, Mm, Mm, Mm, Mm, Mm, Mm, Mm, Mm, Mm, Mm, Mm, Hh^Fp, Gg^Fds, Gs, Gs, Hhd, Gd, Ur, Hhd, Hhd, Ur, Qlf, Qlf, Qlf, Qlf, Ch, Qlf^Bcx/, Qlf, Md, Md, Md, Wwt, Wwt, Mm, Hh, Hh, Hh, Hh, Md, Hh^Fp, Gg^Fds, Gg^Fds, Wwt, Gg, Gg
Mm^Xm, Mm^Xm, Mm, Mm, Mm, Hh, Mm, Mm, Mm, Mm, Mm, Mm, Mm, Mm, Mm, Mm, Mm, Gs, Gd, Ur, Qlf, Hhd, Qlf, Qlf, Qlf, Qlf, Hhd, Md^Vd, Ch, Ch, Qlf, Qlf, Ch, Md, Wwt, Wwt, Mm, Mm, Mm, Mm, Hh, Hh, Hh, Hh, Gg, Gg^Fp, Gg, Wwt, Mm, Mm
Mm, Mm, Wo, Wo, Wo, Hh, Hh, Mm, Mm, Mm, Mm, Mm, Hh, Hh, Wwf, Mm, Hh, Gs, Gd, Ur, Hhd, Qlf, Ur, Ur, Hhd, Qlf, Hhd, Hhd, Ch, Qlf, Qlf, Qlf, Ch, Ur, Wwrt, Wot, Gg, Gg, Gg^Fp, Mm, Gg^Fp, Gg, Hh, Gg, Gg, Mm, Mm, Wwt, Wwt, Mm
Wo, Wo, Ww, Wo, Ww, Wwr, Ww, Wwr, Hh, Hh, Hh, Hh, Mm, Mm, Wwf, Wwf, Gg, Gs, Gs, Gd, Gd, Ur, Gd, Hhd, Ur, Qlf, Hhd, Md^Vd, Md, Kh, Ch, Ch, Ql, Md^Vd, Mv, Wwrt, Wwt, Gg, Gg, Gg^Fp, Gg, Hh, Gg, Mm, Hh, Gg, Gg, Mm, Wwt, Gg
Gg, Gg, Gg, Ww, Gg, Ww, Ww, Gg, Gg, Hh, Hh, Mm, Gg, Gg, Wwr, Gg, Gg, Hh, Hh, Gs, Gs, Gd, Gs, Gd, Gd, Hhd, Md, Md, Md, Md, Hhd, Md^Vd, Ql, Md, Md, Md, Wwrt, Wot, Wwt, Gg, Wwt, Gg, Gg, Mm, Mm, Gg, Gg, Mm, Wwt, Mm
Gg^Fp, Gg^Fp, Gg^Fp, Gg, Hh, Gg^Es, Gg^Es, Gg, Hh^Fp, Gg, Hh, Hh^Fp, Hh^Fp, Gg, Hh, Ww, Gg^Fp, Gg^Fp, Gg^Fp, Gg^Fds, Mm, Mm, Gg^Fds, Gs, Gs, Gd, Hhd, Md, Md, Md, Hhd, Md, Md, Ql, Hhd, Md^Vd, Gs, Wwt, Gg, Wwt, Ss, Wwt, Wwt, Hh, Mm, Mm, Mm, Ds, Ww, Ww
Hh^Fp, Hh^Fp, Gg^Fp, Hh, Gg^Es, Gg^Vc, Gg^Es, Gg^Fp, Gg, Hh, Mm, Hh^Fp, Hh, Mm, Gg, Ww, Gg, Hh, Hh, Mm, Gg^Fp, Gg^Fp, Gg, Gg, Gg^Fds, Gs, Gs, Md, Gd, Gd, Md, Md, Md, Hhd, Gd, Gd, Gg, Gg, Gg, Gg, Ss, Ss, Ss, Wwt, Wwt, Wwt^Vhs, Wwt, Ww, Ww, Ww
Hh^Fp, Gg^Fp, Hh^Fp, Gg^Fp, Hh^Fp, Gg^Es, Gg^Fp, Gg, Hh, Gg, Gg, Mm, Mm, Hh, Ww, Ww, Ww, Gg, Gg, Gg, Gg^Vc, Gg^Fp, Gg^Fp, Gg, Gg^Fp, Hh, Gg^Fds, Gs, Gs, Md^Vd, Md, Hhd, Gd, Hhd, Gs, Gg, Gg^Fds, Gg^Fds, Gg, Gg, Ss, Ss, Gg, Gg, Ss, Wwt, Wwt, Wwt, Ww, Ww
Gg^Fp, Hh^Fp, Hh, Hh, Hh^Fp, Gg, Gg, Gg, Gg^Fp, Mm, Mm^Fp, Mm^Fp, Mm, Hh, Ww, Wo, Ww, Hh, Hh, Mm, Gg, Gg^Fp, Ss^Fp, Gg, Gg, Hh, Ds, Gg, Gg, Gs, Gs, Gd, Gd, Gs, Gg, Gg, Gg, Gg^Fds, Ss, Ss, Gg, Gg, Gg, Gg, Ds, Ss, Ww, Ww, Ww, Ww
Gg^Fp, Gg, Gg, Hh, Gg, Gg^Fp, Gg^Fp, Gg^Fp, Gg^Fp, Mm, Mm, Gg^Efm, Gg^Fp, Hh, Ww, Wo, Wo, Ww, Gg^Fp, Gg, Gg, Gg^Fp, Ds, Ss, Ss, Ds, Ss, Ds, Hh, Hh, Hh^Fp, Gs, Gg, Gs, Gg^Fds, Gg^Fds, Gg, Gg, Ss, Gg, Ds^Fp, Ds, Ds^Fp, Gg, Ds, Ww, Ww, Ww, Ww, Ww
Gg^Fp, Gg^Fp, Gg, Gg, Hh, Gg^Fp, Gg^Fp, Ss, Ss, Gg^Fp, Hh, Mm^Fp, Hh, Ww, Ww, Ww, Ww, Ww, Ss^Fp, Gg^Efm, Gg, Ds, Ss, Ss, Ds, Ss, Ds, Gg, Gg, Hh^Fp, Hh^Fp, Hh, Gg, Gg^Fds, Gg^Fds, Gg, Ss^Fp, Ss, Ds^Fp, Ds^Fp, Ds, Ds^Fp, Ds^Fp, Ds, Ww, Ww, Ww, Ww, Wo, Wo
Gg^Fp, Gg^Fp, Hh^Fp, Hh^Fp, Gg^Fp, Gg^Fp, Gg^Fp, Ss, Hh, Hh, Hh^Fp, Hh, Ww, Ww, Hh, Mm, Ww, Ss^Fp, Ss^Fp, Ss, Ss, Ss, Ds, Ss, Ss, Ss, Ds, Ds, Gg, Mm, Gg, Hh, Hh, Gg, Gg, Gg, Ss, Gg^Fp, Gg, Gg, Gg^Efm, Gg, Ds, Ds, Ww, Ww, Ww, Ww, Wo, Wo
Gg, Gg, Hh^Fp, Ss, Ss^Vhs, Ss, Ss, Ss, Ww, Ww, Ww, Ww, Ww, Hh^Fp, Mm, Mm^Fp, Hh^Fp, Ww, Gg, Gg, Ss, Ds, Ss, Ss, Ds, Ds, Ds^Vdt, Gg, Ss, Gg, Ss^Fp, Gg, Gg, Hh, Gg^Fp, Gg, Gg, Ss^Fp, Ss, Gg, Gg, Gg, Ds, Ww, Ww, Ww, Ww, Ww, Wo, Wo
Gg^Fp, Gg^Fp, Gg, Ss^Fp, Ww, Ww, Ww, Ww, Gg^Fp, Ww, Ss, Ww, Ds^Fp, Hh^Fp, Gg^Fp, Hh^Fp, Ss, Ww, Gg, Ss, Ss, Ss, Ds, Ss, Ds, Ds, Hh, Ds, Ss, Ss, Ss, Gg, Gg, Hh, Gg^Fp, Ss, Ds^Fp, Gg, Ss, Gg^Fp, Gg^Fp, Ds^Fp, Ww, Ww, Ww, Ww, Ww, Wo, Wo, Wo
Gg^Fp, Gg^Fp, Gg^Fp, Gg, Ww, Gg^Fp, Gg, Ss, Ss, Ss, Ss, Ww, Ds, Ds^Fp, Gg^Vc, Gg^Fp, Ss, Ww, Ww, Gg^Fp, Ds^Fp, Ds, Dd^Fp, Ds, Gg^Fp, Hh, Mm, Hh^Fp, Mm^Fp, Hh^Fp, Hh^Fp, Ss^Fp, Ss^Fp, Gg, Ds, Ds^Fp, Ds, Gg, Ss, Gg^Fp, Ds^Fp, Ds^Fp, Ww, Ww, Ww, Ww, Wo, Wo, Wo, Wo
Gg^Fp, Gg^Fp, Ww, Ww, Gg, Gg^Fp, Ss, Gg, Gg^Fp, Ss, Ww, Ww, Gg^Fp, Gg^Fp, Ds^Fp, Ds^Fp, Ss, Ss, Ss, Ww, Ww^Bw/r, Ds, Ds^Fp, Ds^Fp, Gg^Fp, Gg^Fp, Hh^Fp, Gs^Fp, Qxu, Mm, Ss, Gg, Gg, Gg, Gg, Gg, Gg, Sm^Gvs, Ds^Fp, Ds^Fp, Ww, Ww, Ww, Ww, Ww, Wo, Wo, Wo, Wo, Wo
Ww, Ww, Gg, Gg^Fp, Hh^Fp, Gg^Fp, Gg^Fp, Ss^Fp, Ww, Ww, Gg^Fp, Gg^Fp, Gg, Gg^Fp, Ds, Ss, Ss, Ss, Gg, Ds, Ww, Ss, Hh^Fp, Hh^Fp, Gg^Fp, Hh^Fp, Qxu, Qxu, Mm^Fp, Mm, Ss, Ss, Ss, Ds, Ds, Gg^Fp, Gg, Sm^Gvs, Ww^Gvs, Wwr, Ww, Ww, Ww, Ww, Wo, Wo, Wo, Wo, Wo, Wo
Gg^Fp, Gg^Fp, Hh^Fp, Gg^Fp, Hh^Fp, Hh^Fp, Gg^Fp, Ww, Ss, Ss, Ss, Ss, Ds, Ds^Fp, Ss, Ss, Ss, Gg, Ds, Ds, Ww, Ss, Hh^Fp, Mm^Fp, Hh^Fp, Qxu, Gg^Fp, Gg^Fp, Gg^Fp, Hh^Fp, Gg, Ds, Ds, Ss, Ss, Ss, Ww, Ww^Bw\r, Ww^Vht, Ww, Ww, Ww, Wo, Wo, Wo, Wo, Wo, Wo, Wo, Wo
Hh, Gg^Fp, Hh^Fp, Hh^Fp, Hh, Hh, Gg^Fp, Ww, Ss, Ss, Ds^Fp, Ds, Ss, Ss, Ss, Ss, Gg^Fp, Ds^Fp, Ww, Ww, Ss, Ss^Fp, Gg^Fp, Gg^Fp, Qxu, Qxu, Gg^Fp, Mm^Fp, Mm, Mm, Mm^Fp, Hh^Fp, Ds^Fp, Ss, Ss, Ss, Gg, Ww, Ww, Ww, Ww, Ww, Wo, Wo, Wo, Wo, Wo, Wo, Wo, Wo
Hh, Hh^Fp, Gg, Gg, Gg, Gg^Fp, Gg^Fp, Ss, Ss, Ds^Fp, Ss, Ds, Ss^Fp, Ss, Ss, Gg^Fp, Ds, Ds, Ww, Ss^Fp, Gg^Fp, Hh^Fp, Gg^Fp, Gg^Fp, Qxu, Mm^Fp, Mm^Fp, Mm, Mm^Fp, Mm, Ss^Vhs, Hh^Fp, Ss^Eff, Ss, Gg^Fp, Gg, Ds, Ww, Ww, Ww, Ww, Wo, Wo, Wo, Wo, Wo, Wo, Wo, Wo, Wo
Hh, Gg^Fp, Gg, Gg^Fp, Gg^Fp, Ss, Ww^Vhs, Ss, Sm^Gvs, Ss, Ss, Ds^Fp, Ss, Ss, Ss, Ss^Fp, Ds, Ss^Vhs, Ww, Ss, Gg^Fp, Gg^Fp, Hh^Fp, Hh^Fp, Qxu, Hh^Fp, Hh^Fp, Mm^Fp, Hh^Fp, Hh^Fp, Sm^Gvs, Sm^Gvs, Ss^Eff, Gg^Eff, Gg^Fp, Gg^Fp, Ds, Ww, Ww, Ww, Ww, Ww, Wo, Wo, Wo, Wo, Wo, Wo, Wo, Wo
Hh, Mm, Hh, Gg, Gg, Ww^Ewl, Ww, Sm^Gvs, Ss, Sm^Gvs, Ss, Ss, Ss, Ss, Ss, Ss, Ss, Ss, Ww, Ss, Ss, Hh^Fp, Mm, Gg^Fp, Hh^Fp, Mm, Ss^Fp, Hh^Fp, Ss^Fp, Ss^Gvs, Ss^Eff, Ss^Eff, Gg, Ss, Ss, Gg^Fp, Gg, Ds, Ww, Ww, Ww, Ww, Ww, Wo, Wo, Wo, Wo, Wo, Wo, Wo
Hh, Hh, Mm, Mm, Mm, Gg^Fds, Wwt^Ewl, Ww, Ww, Ss, Gg^Fp, Ss, Ss, Gg^Fp, Ds, Ds, Ss, Ss, Ss^Fp, Ww, Ww, Ss, Ss^Fp, Mm^Fp, Ss, Ss, Ss, Ss, Ss, Ss, Ss, Ss, Ss, Gg, Gg^Fp, Gg, Ww, Ww, Ds, Ww, Ww, Ww, Ww, Wo, Wo, Wo, Wo, Wo, Wo, Wo
Mm, Mm, Mm, Mm, Gd, Gs, Wwt, Wwt^Vhs, Wwt^Ewf, Ss, Gg^Fp, Ss, Gg, Gg, Ds, Ss, Ss^Fp, Ss, Ss, Ss, Ww, Ss, Ww, Ss, Ww, Ss, Ss, Ss, Ww, Gg^Fp, Ss, Gg, Ss, Ss^Fp, Ss, Gg, Ww, Ds, Gg^Fp, Ww, Ww, Ww, Ww, Ww, Ww, Wo, Wo, Wo, Wo, Wo
Gg^Fds, Mm, Gd, Gd, Hhd, Gd, Gd, Wwt, Gg^Fds, Gg, Gg^Fp, Ss, Ss, Gg^Fp, Ds, Ss, Ss, Ss, Ss, Ss, Ss, Ww, Ss, Ww, Ss, Ww, Ww, Ww, Ww, Ss, Ss^Ewl, Gg, Gg, Gg^Fp, Ss, Ss, Ww, Ss, Ss, Gg^Fp, Gg^Fp, Ww, Ww, Ww, Ww, Wo, Wo, Wo, Wo, Wo
Gs, Gs, Gd, Hhd, Mv, Hhd, Hhd, Gs, Gg^Fp, Gg^Fp, Hh^Fp, Hh^Fp, Hh^Fp, Gg, Ss, Gg, Gg^Fp, Ss, Ss, Ss^Fp, Hh^Fp, Ss, Ds, Ss, Ss, Ss, Ss, Ww, Ww, Ww^Ewf, Ww^Ewl, Ss, Ww, Ww, Ww, Ww, Ss, Ss, Ss^Vhs, Ss, Gg^Fp, Gg^Fp, Ww, Ww, Ww, Ww, Ww, Wo, Wo, Wo
Gs, Gd, Hhd, Md, Md, Md, Gd, Gs, Hh^Fp, Gg^Fp, Gg, Hh^Fp, Gg, Gg, Ds, Ss, Ss, Ss, Hh^Fp, Hh^Fp, Gg^Fp, Gg^Fds, Gg, Ds, Ss^Fds, Ss^Fds, Wwrt, Wwt, Wwt, Ww, Ww, Ww, Ww, Ss, Ds^Fp, Ds, Ds, Ss, Ds, Ss, Ss, Gg^Fp, Gg^Fp, Ww, Ww, Ww, Ww, Ww, Wo, Wo
Gg^Fds, Gs, Gs, Gd, Gd, Hhd, Gd, Hh, Ds^Fp, Gg^Fp, Gg, Gg^Efm, Ds, Ds, Gg^Efm, Ss^Vhs, Ss, Ss, Gg, Hh, Gg, Gg, Md, Gs, Gs, Gs, Md, Md, Md, Wwrt, Wwrt, Wwt, Wwt^Ewl, Ss, Ss, Gg^Fp, Ss, Ss, Ss, Ds, Ss, Ss, Gg^Fp, Gg^Fp, Gg^Fp, Ww, Ww, Ww, Ww, Wo
Hh, Gg^Fds, Gg^Fds, Gs, Gs, Gd, Gs, Gs, Ds, Ds, Ds, Ds, Gg, Ss, Ss, Ss, Gg, Gg, Gg^Fp, Gg, Gg^Fds, Gs, Md, Md, Md, Md, Md, Md, Md, Md, Hhd, Hhd, Gs, Gs, Gs, Ss, Gg^Fds, Ss, Gg^Fds, Ss, Ss, Ss, Ss, Gg^Fp, Gg^Fp, Ww, Ww, Ww, Ww, Ww
Hh, Hh, Gg, Gg, Gg^Fds, Gs, Ds, Ds, Ss, Ss, Ss^Fp, Ss^Fp, Ss, Ss, Ds, Ss, Hh^Fp, Hh^Fp, Gg^Fds, Gg^Fds, Hh, Md, Md, Md, Md, Mv, Md, Md, Md, Md, Qlf, Hhd, Hhd, Hhd, Hhd, Gs, Gs, Gg^Fds, Gg^Fds, Ss, Ss, Ss, Ss, Gg^Fp, Gg^Fp, Gg^Fp, Gg^Fp, Ww, Ww, Ww
Hh, Hh, Gg, Ce, Ce, Ce, Ds, Gg, Gg, Ss, Ss, Ss, Ds, Ss, Ds, Ds, Hh^Fp, Gg^Fp, Gg^Fp, Gg^Fds, Gg^Fds, Md, Md, Md, Md, Md, Ur, Qlf, Qlf, Qlf, Hhd, Qlf, Qlf, Qlf, Qlf, Hhd, Hhd, Gs, Gg, Gg, Ss, Ss, Ss, Ss, Ss, Ss, Ss, Ww, Ww, Ww
Gg, Gg, Gg, Ce, Ke, Ce, Ce, Ss, Ss, Ss, Ss^Vhs, Ds^Fp, Ds^Fp, Ds^Fp, Ss, Ss, Gg^Fp, Ss, Ss, Gg^Fds, Gg^Fds, Gs, Md, Md, Md, Md, Md, Ur, Md, Md, Hhd, Hhd, Hhd, Hhd, Hhd, Rb, Hhd, Gs, Gg^Fds, Gg^Fds, Ds, Ss, Ss, Ds, Ds, Ds, Ss, Ss, Ss, Ww
Hh, Hh, Gg, Ce, Ce, Ce, Ss, Ss, Ss, Ss, Gg, Gg^Fp, Hh^Fp, Gg^Fp, Gg^Fp, Ss, Ss^Fp, Ss, Gg^Fp, Gg^Fp, Mm, Gs, Gs, Md, Md, Md, Md, Md, Md, Md, Gs, Hhd, Gs, Gs, Gd, Gd, Gd, Gs, Gg^Fds, Gg^Fds, Ds^Fp, Ds, Gg^Fp, Ss, Ss, Ss, Ss, Ds, Ss, Ss
Gg, Hh^Fp, Gg, Gg, Gg, Ss, Gg, Ss, Ss, Ss, Gg^Fp, Hh, Hh^Fp, Gg, Gg, Gg, Gg^Fp, Gg^Fp, Gg^Fp, Mm, Mm, Hh, Hh, Md, Hhd, Md, Md, Md, Gg, Gg, Gg^Fp, Gs, Gg, Gs, Gg, Gd, Gg, Gg^Fds, Gg, Gg^Fp, Ds, Ds^Fp, Ds, Gg^Fp, Gg^Fp, Gg^Fp, Gg^Fp, Gg^Fp, Gg^Fp, Ss
Gg, Gg, Gg, Hh^Fp, Gg, Gg, Gg, Ss, Gg^Fp, Ss^Fp, Hh^Fp, Hh, Gs, Gg^Fp, Gg, Gg^Fp, Gg, Gg^Fp, Gg, Gg^Fp, Rd, Hh, Gs, Hh, Gs, Md, Gg, Gg, Gg, Gg^Fp, Gg, Gg, Gg, Gg, Gg, Gg, Gg, Gg, Gg, Ds^Fp, Ww, Gg^Fp, Gg, Gg^Fp, Gg, Gg^Fp, Gg, Gg^Fp, Gg, Gg^Fp
