border_size=1
usage=map

Aa          , Aa          , Aa          , Aa          , Aa          , Aa          , Aa          , Aa          , Hhd         , Hhd         , Mm          , Mm          , Mm          , Mm          , Mm          , Mm          , Mm          , Mm          , Mm          , Hhd         , Hhd         , Hhd         , Hhd         , Hhd         , Hhd         , Mm          , Mm          , Mm          , Mm          , Mm          , Mm          , Mm^Xm       , Mm^Xm       , Mm^Xm       , Mm^Xm       , Mm^Xm       , Mm^Xm       , Mm^Xm       , Mm^Xm       , Mm^Xm       
Aa          , Aa          , Aa          , Aa          , Aa          , Aa          , Aa          , Aa          , Hhd         , Hhd         , Mm          , Mm          , Mm          , Mm          , Mm          , Mm          , Mm          , Mm          , Mm          , Hhd         , Hhd         , Hhd         , Hhd         , Hhd         , Hhd         , Mm          , Mm          , Mm          , Mm          , Mm          , Mm          , Mm^Xm       , Mm^Xm       , Mm^Xm       , Mm^Xm       , Mm^Xm       , Mm^Xm       , Mm^Xm       , Mm^Xm       , Mm^Xm       
Aa          , Aa          , Ch          , Ch          , Ch          , Aa          , Aa          , Aa^Voa      , Hhd         , Mm          , Mm          , Mm          , Mm          , Mm          , Mm          , Mm          , Mm          , Hhd         , Hhd         , Hhd         , Aa          , Aa          , Hhd         , Aa          , Aa          , Hhd         , Hhd         , Mm          , Mm          , Mm          , Mm          , Mm          , Mm          , Mm^Xm       , Mm          , Mm^Xm       , Mm^Xm       , Mm^Xm       , Mm^Xm       , Mm^Xm       
Aa          , Aa          , Ch          , 2 Kh        , Ch          , Aa          , Aa          , Aa          , Aa          , Ww          , Mm          , Mm          , Mm          , Mm          , Mm          , Mm          , Hhd         , Hhd         , Aa          , Aa          , Hhd         , Hhd         , Mm          , Hhd         , Hhd         , Aa^Voa      , Hhd         , Mm          , Mm          , Mm          , Mm          , Mm          , Mm          , Mm          , Mm          , Mm          , Mm          , Mm^Xm       , Mm^Xm       , Mm^Xm       
Aa          , Aa          , Aa          , Ch          , Hhd         , Hhd         , Hhd         , Aa          , Aa          , Aa          , Mm          , Mm          , Mm          , Mm          , Aa          , Hhd         , Aa          , Aa          , Aa^Voa      , Aa          , Hhd         , Mm          , Mm          , Mm          , Mm          , Hhd         , Mm          , Mm          , Mm          , Mm          , Hhd         , Mm          , Hhd         , Mm          , Mm          , Mm          , Mm          , Mm          , Mm          , Mm          
Aa          , Aa          , Hhd         , Hhd         , Mm          , Mm          , Mm          , Aa          , Aa          , Aa          , Aa          , Mm          , Aa          , Aa          , Aa          , Aa          , Hhd         , Hhd         , Hhd         , Aa          , Hhd         , Mm          , Mm          , Mm          , Mm          , Mm          , Mm          , Mm          , Mm          , Hhd         , Aa          , Aa          , Aa          , Hhd         , Aa          , Aa          , Aa          , Mm          , Mm          , Mm          
Aa          , Aa^Voa      , Mm          , Mm          , Mm          , Mm          , Mm          , Mm          , Mm          , Aa          , Aa^Voa      , Aa          , Aa          , Aa          , Mm          , Mm          , Mm          , Mm          , Hhd         , Aa          , Hhd         , Mm          , Mm          , Mm          , Mm          , Mm          , Hhd         , Hhd         , Aa          , Aa          , Aa          , Aa          , Aa          , Aa          , Aa          , Aa^Voa      , Aa          , Mm          , Mm          , Mm          
Ha          , Ha          , Mm          , Mm          , Mm          , Mm          , Mm          , Mm          , Mm          , Hhd         , Hhd         , Aa          , Mm          , Mm          , Mm          , Mm          , Mm          , Hhd         , Aa          , Aa          , Mm          , Mm          , Mm          , Mm          , Hhd         , Hhd         , Aa          , Aa          , Aa          , Aa          , Mm          , Mm          , Mm          , Aa          , Aa          , Aa          , Aa          , Mm          , Mm          , Mm          
Mm          , Mm          , Mm          , Mm          , Mm          , Mm          , Mm          , Mm          , Mm          , Mm          , Mm          , Mm          , Mm          , Mm          , Mm          , Mm          , Hhd         , Aa          , Aa          , Hhd         , Mm          , Mm          , Mm          , Mm          , Aa          , Aa          , Aa          , Mm          , Mm          , Mm          , Mm          , Mm          , Mm          , Mm          , Gd          , Aa          , Gd          , Mm          , Mm          , Mm          
Mm          , Mm          , Mm          , Mm          , Mm          , Mm          , Mm          , Mm          , Mm          , Mm          , Mm          , Mm          , Mm          , Mm          , Mm          , Mm          , Gd          , Gd          , Gd          , Mm          , Mm          , Mm          , Gd          , Gd          , Gd          , Aa          , Mm          , Mm          , Mm          , Mm          , Mm          , Mm          , Mm          , Mm          , Mm          , Gd          , Gd          , Hhd         , Mm          , Mm          
Mm          , Mm          , Mm          , Mm          , Mm          , Mm          , Mm          , Mm          , Mm          , Mm          , Mm          , Mm          , Mm          , Mm          , Mm          , Hhd         , Hhd^Vo      , Gd          , Gd          , Mm          , Gd          , Gd          , Gd          , Gd          , Hhd         , Hhd         , Mm          , Mm          , Mm          , Mm          , Mm          , Mm          , Mm          , Mm          , Mm          , Gd          , Gd          , Hhd         , Mm          , Mm          
Mm          , Mm          , Mm          , Mm          , Mm          , Mm          , Mm          , Mm          , Mm          , Mm          , Mm          , Mm          , Mm          , Mm          , Mm          , Hhd         , Hhd         , Gd          , Gd          , Gd          , Gd          , Gd          , Hhd         , Hhd         , Mm          , Mm          , Mm          , Mm          , Mm          , Mm          , Mm          , Mm          , Mm          , Mm          , Gd          , Gd          , Gd          , Mm          , Mm          , Mm          
Mm          , Mm          , Mm          , Mm          , Mm          , Mm          , Hh          , Mm          , Mm          , Mm          , Mm          , Mm          , Mm          , Mm          , Mm          , Mm          , Mm          , Hhd         , Mm          , Gd          , Mm          , Hhd         , Mm          , Mm          , Mm          , Mm          , Mm          , Mm          , Mm          , Mm          , Mm          , Mm          , Mm          , Mm          , Gd          , Gd          , Mm          , Mm          , Mm          , Mm          
Mm          , Mm          , Mm          , Mm          , Hh          , Hh          , Hh          , Hh          , Hh          , Mm          , Mm          , Mm          , Mm          , Mm          , Mm          , Mm          , Mm          , Mm          , Mm          , Mm          , Mm          , Mm          , Mm          , Mm          , Mm          , Mm          , Mm          , Mm          , Mm          , Mm          , Gs          , Gs          , Gs          , Gd          , Gd          , Gs          , Mm          , Mm          , Mm          , Mm          
Mm          , Mm          , Hh          , Hh          , Hh^Fp       , Hh          , Hh          , Hh          , Hh          , Hh          , Mm          , Mm          , Mm          , Mm          , Mm          , Mm          , Mm          , Mm          , Mm          , Mm          , Mm          , Mm          , Mm          , Mm          , Mm          , Mm          , Mm          , Mm          , Hh          , Hh          , Gs          , Gs^Vc       , Gs          , Gs          , Mm          , Mm          , Mm          , Mm          , Mm          , Mm          
Hh          , Hh          , Hh^Fp       , Hh^Fp       , Gll^Fp      , Hh^Fp       , Gll^Fp      , Gs          , Gs          , Hh          , Hh          , Mm          , Hh          , Mm          , Mm          , Mm          , Mm          , Mm          , Mm          , Mm          , Mm          , Mm          , Mm          , Mm          , Mm          , Mm          , Mm          , Hh          , Gs          , Gs          , Gs          , Gs          , Mm          , Mm          , Mm          , Mm          , Mm          , Mm          , Mm          , Mm          
Hh^Fp       , Hh^Fp       , Gll^Fp      , Gll^Fp      , Gll^Fp      , Gll^Fp      , Gll^Fp      , Gll^Fp      , Gll^Fp      , Gs          , Gs          , Hh          , Gs          , Hh          , Hh          , Hh          , Hh          , Mm          , Mm          , Mm          , Mm          , Mm          , Hh          , Hh          , Hh          , Hh          , Hh          , Hh          , Gs          , Gs          , Hh          , Mm          , Mm          , Mm          , Mm          , Mm          , Mm          , Mm          , Mm          , Mm          
Hh^Fp       , Hh^Fp       , Gll^Fp      , Gll^Fp      , Gll^Fp      , Gs^Vo       , Gll^Fp      , Gll^Fp      , Gll^Fp      , Gll^Fp      , Gg          , Gs          , Gg          , Gs          , Gg          , Gs          , Gg          , Hh          , Hh          , Hh          , Hh          , Hh          , Hh          , Hh          , Gs          , Gs          , Gs          , Gs          , Gs          , Re          , Gs          , Hh          , Hh          , Hh          , Hh          , Mm          , Mm          , Mm          , Mm          , Mm          
Gll^Fp      , Gll^Fp      , Gll^Fp      , Gll^Fp      , Gll^Fp      , Gll^Fp      , Gll^Fp      , Gll^Fp      , Gll^Fp      , Gll^Fp      , Gll^Fp      , Gg          , Gg          , Gg          , Wo          , Gg          , Gg          , Gg          , Gg          , Hh          , Gg          , Hh          , Gg          , Gs          , Gg          , Gg          , Gg          , Gg          , Gs^Vo       , Gs          , Re          , Gs          , Gs          , Gs          , Gs          , Hh          , Hh          , Mm          , Hh          , Hh          
Gll^Fp      , Gll^Fp      , Gll^Fp      , Gll^Fp      , Gll^Fp      , Gll^Fp      , Gll^Fp      , Gll^Fp      , Gll^Fp      , Gll^Fp      , Gg          , Gg          , Wo          , Wo          , Wo          , Wo          , Wo          , Wo          , Wo          , Gg          , Wo          , Gg          , Wo          , Gg          , Gg          , Gg          , Gg          , Gg          , Gs          , Gs          , Re          , Gs          , Gs          , Gs          , Gg          , Gs          , Hh^Fp       , Hh          , Hh^Fp       , Hh^Fp       
Gll^Fp      , Gll^Fp      , Gll^Fp      , Gll^Fp      , Gll^Fp      , Gll^Fp      , Gll^Fp      , Gll^Fp      , Gs^Fp       , Gs^Fp       , Wo          , Wo          , Wo          , Wo          , Wo          , Wo          , Wo          , Wo          , Wo          , Wo          , Wo          , Wo          , Wo          , Wo          , Wo          , Wo          , Gg          , Gg          , Re          , Re          , Gs          , Gs          , Gll^Fp      , Gs          , Gll^Fp      , Gll^Fp      , Gll^Fp      , Hh^Fp       , Hh^Fp       , Hh^Fp       
Gll^Fp      , Gll^Fp      , Gll^Fp      , Gll^Fp      , Gll^Fp      , Gll^Fp      , Gll^Fp      , Gs^Fp       , Wo          , Wo          , Wo          , Wo          , Wo          , Wo          , Gs^Fp       , Gs^Fp       , Gll^Fp      , Wo          , Wo          , Wo          , Gs^Fp       , Wo          , Wo          , Wo          , Wo          , Wo          , Ww          , Gg          , Re          , Gg          , Gg          , Gll^Fp      , Gll^Fp      , Gll^Fp      , Gll^Fp      , Gll^Fp      , Gll^Fp      , Gll^Fp      , Gll^Fp      , Hh^Fp       
Gll^Fp      , Gll^Fp      , Gll^Fp      , Gll^Fp      , Gll^Fp      , Gll^Fp      , Gs^Fp       , Gs^Fp       , Wo          , Wo          , Wo          , Wo          , Gs^Fp       , Gs^Fp       , Gll^Fp      , Gll^Fp      , Gs          , Gll^Fp      , Gll^Fp      , Gs^Fp       , Gll^Fp      , Gs^Fp       , Gs^Fp       , Wo          , Ww          , Ww          , Ww^Bw/      , Ww^Bw/      , Gg          , Gg          , Gg          , Gll^Fp      , Gll^Fp      , Gll^Fp      , Gll^Fp      , Gll^Fp      , Gll^Fp      , Rb^Vo       , Gll^Fp      , Gll^Fp      
Gll^Fp      , Gll^Fp      , Gll^Fp      , Gll^Fp      , Gs          , Gll^Fp      , Gg          , Wo          , Wo          , Wo          , Gs^Fp       , Gs^Fp       , Gg^Vc       , Gll^Fp      , Gll^Fp      , Gs          , Gs          , Gs          , Gll^Fp      , Gll^Fp      , Re^Fp       , Re^Vc       , Re^Fp       , Gs^Fp       , Ww^Bw/      , Ww^Bw/      , Ww          , Ww          , Gg          , Gg          , Gll^Fp      , Gll^Fp      , Gll^Fp      , Gll^Fp      , Gll^Fp      , Gll^Fp      , Hh          , Gll^Fp      , Gll^Fp      , Gll^Fp      
Gll^Fp      , Gll^Fp      , Gs          , Gs          , Gg          , Gg          , Wo          , Wo          , Wo          , Wo          , Gs^Fp       , Gll^Fp      , Gll^Fp      , Gll^Fp      , Gll^Fp      , Gg          , Gg          , Gs          , Re^Fp       , Re^Fp       , Gll^Fp      , Gll^Fp      , Gs^Fp       , Re^Fp       , Ww          , Ww          , Wo          , Wo          , Gg          , Gg          , Gll^Fp      , Gll^Fp      , Gll^Fp      , Gll^Fp      , Hh^Fp       , Hh^Fp       , Hh          , Hh          , Hh^Fp       , Gll^Fp      
Gs          , Gs          , Gs          , Gs          , Gg          , Gg          , Wo          , Wo          , Wo          , Wo          , Gs^Fp       , Gll^Fp      , Gll^Fp      , Gll^Fp      , Gg          , Gg          , Gg          , Gll^Fp      , Gll^Fp      , Gll^Fp      , Gs^Fp       , Gs^Fp       , Wo          , Gs^Fp       , Wo          , Wo          , Wo          , Gg          , Gg          , Gll^Fp      , Gll^Fp      , Gll^Fp      , Gll^Fp      , Gll^Fp      , Hh^Fp       , Hh          , Hh^Fp       , Hh^Fp       , Gll^Fp      , Gll^Fp      
Gg          , Gg          , Gg          , Gs^Vc       , Gg          , Wo          , Wo          , Wo          , Wo          , Gs^Fp       , Gll^Fp      , Gll^Fp      , Ce          , Ce          , Ce          , Gs          , Gg          , Gll^Fp      , Gs^Fp       , Gs^Fp       , Wo          , Wo          , Wo          , Wo          , Wo          , Wo          , Gg          , Gg          , Gg          , Gll^Fp      , Gll^Fp      , Gll^Fp      , Gll^Fp      , Gll^Fp      , Gll^Fp      , Gll^Fp      , Gll^Fp      , Gll^Fp      , Gll^Fp      , Gll^Fp      
Gg          , Gg          , Gg          , Gg          , Wo          , Wo          , Ww          , Wo          , Gg          , Gg          , Gg          , Gg          , Ce          , 1 Ke        , Ce          , Gg          , Gll^Fp      , Gll^Fp      , Gs^Fp       , Wo          , Wo          , Wo          , Wo          , Wo          , Gg          , Gg          , Gg          , Gg          , Gg          , Gs          , Gs          , Gll^Fp      , Gs^Vc       , Gll^Fp      , Gs^Fp       , Gll^Fp      , Gs^Fp       , Gll^Fp      , Gs^Fp       , Gs^Fp       
Wo          , Wo          , Wo          , Wo          , Wo          , Ww          , Ww^Bw\      , Gg          , Gg          , Gg          , Gg          , Gg          , Gg          , Ce          , Gg          , Gg          , Gg          , Gs^Fp       , Wo          , Wo          , Wo          , Wo          , Gg          , Gg          , Gg          , Gg          , Gs          , Gs          , Gs          , Gs          , Gg          , Gs          , Gg          , Gg          , Wo          , Gs^Fp       , Wo          , Gs^Fp       , Wo          , Wo          
Wo          , Wo          , Wo          , Wo          , Wo          , Ww          , Gg          , Gg          , Gg          , Gg          , Gg          , Gg          , Gg          , Gg          , Gg          , Gg          , Gs          , Gg          , Wo          , Wo          , Wo          , Gg          , Gg          , Gg          , Gg          , Gg          , Gg          , Gg          , Gg          , Gg          , Gg          , Gg          , Wo          , Wo          , Wo          , Wo          , Wo          , Wo          , Wo          , Wo          
Wo          , Wo          , Wo          , Wo          , Gg          , Gg          , Gs          , Gg          , Gg          , Gg          , Gll^Fp      , Gll^Fp      , Gll^Fp      , Gg          , Gg          , Gs          , Gs          , Wo          , Wo          , Wo          , Wo          , Gg          , Gg          , Gs^Vc       , Gg          , Gg          , Gg          , Gg          , Gg          , Gg          , Wo          , Wo          , Wo          , Wo          , Wo          , Wo          , Gs^Fp       , Wo          , Gs^Fp       , Gs^Fp       
Gs          , Gs          , Gs          , Gs          , Gs          , Gg          , Gll^Fp      , Gg          , Gll^Fp      , Gll^Fp      , Gll^Fp      , Gll^Fp      , Gll^Fp      , Gll^Fp      , Gll^Fp      , Gs          , Gs          , Wo          , Wo          , Wo          , Wo          , Wo          , Gg          , Gg          , Gg          , Gg          , Gg          , Gg          , Wo          , Wo          , Wo          , Wo          , Wo          , Gs^Fp       , Gs^Fp       , Gs^Fp       , Gll^Fp      , Gs^Fp       , Gll^Fp      , Gll^Fp      
Gs          , Gs          , Gg          , Gg          , Gll^Fp      , Gll^Fp      , Gll^Fp      , Gll^Fp      , Gll^Fp      , Gll^Fp      , Gll^Fp      , Gll^Fp      , Gll^Fp      , Gd^Vc       , Gll^Fp      , Gs          , Gs          , Gs          , Wo          , Wo          , Wo          , Wo          , Wo          , Gg          , Gg          , Gg          , Gg          , Wo          , Wo          , Wo          , Wo          , Wo          , Gs^Fp       , Gs^Fp       , Gll^Fp      , Gll^Fp      , Gll^Fp      , Gll^Fp      , Gll^Fp      , Gll^Fp      
Gs          , Gs          , Gd^Vc       , Gll^Fp      , Gll^Fp      , Gll^Fp      , Gll^Fp      , Gll^Fp      , Gll^Fp      , Gll^Fp      , Gll^Fp      , Gll^Fp      , Gll^Fp      , Gll^Fp      , Gll^Fp      , Gg          , Gs          , Gs          , Gs          , Wo          , Wo          , Wo          , Wo          , Wo          , Wo          , Wo          , Wo          , Wo          , Wo          , Gs          , Gs          , Gs          , Gll^Fp      , Gll^Fp      , Gll^Fp      , Gll^Fp      , Gll^Vh      , Gll^Fp      , Gll^Fp      , Gll^Fp      
Gs          , Gs          , Gs          , Gll^Fp      , Gll^Fp      , Gll^Fp      , Gll^Fp      , Gll^Fp      , Gll^Fp      , Gll^Fp      , Gll^Fp      , Gll^Fp      , Gll^Fp      , Gll^Fp      , Gll^Fp      , Gg          , Gs          , Gs          , Gs          , Wo          , Wo          , Wo          , Ww          , Ww          , Ww          , Wo          , Wo          , Wo          , Gs          , Gs          , Gll^Fp      , Gll^Fp      , Gll^Fp      , Gll^Fp      , Gll^Fp      , Gll^Fp      , Gll^Fp      , Gll^Fp      , Gll^Fp      , Gll^Fp      
Gs          , Gs          , Gs          , Gll^Fp      , Gll^Fp      , Gll^Fp      , Gll^Fp      , Gll^Fp      , Gll^Fp      , Gll^Fp      , Gll^Fp      , Gll^Fp      , Gll^Fp      , Gll^Fp      , Gg          , Gs          , Gs          , Gs          , Gs          , Gs          , Gs          , Wo          , Gs          , Ww^Bw|      , Gs          , Gs          , Gs          , Gs          , Gs          , Gs          , Gll^Fp      , Gll^Fp      , Gll^Fp      , Gll^Fp      , Gll^Fp      , Gll^Fp      , Gll^Fp      , Gll^Fp      , Rd          , Rd          
Gs          , Gs          , Gs          , Gs          , Gs          , Gll^Fp      , Gll^Fp      , Gll^Fp      , Gll^Fp      , Gll^Fp      , Gll^Fp      , Gll^Fp      , Gll^Fp      , Gll^Fp      , Gs          , Gs          , Gs          , Gs          , Gs          , Gs          , Gg          , Gs          , Gs          , Gs          , Gs          , Gs          , Gs          , Gs          , Gs          , Gll^Fp      , Gll^Fp      , Gll^Fp      , Rd          , Gll^Fp      , Gll^Fp      , Gll^Fp      , Rd          , Rd          , Rd          , Rd          
Gs          , Gs          , Rd          , Gs          , Rd          , Gs          , Gs          , Gs          , Gs          , Gll^Fp      , Gs          , Gll^Fp      , Gs          , Gd          , Gs          , Gd          , Gs          , Gs          , Gs          , Gd^Vc       , Gs          , Gs          , Gs          , Gs          , Gs          , Gs          , Gs          , Gs          , Gll^Fp      , Gll^Fp      , Rd          , Rd          , Rd          , Rd          , Rd          , Rd          , Rd          , Ss^Vhs      , Rd          , Rd          
Rd          , Rd          , Gs          , Gs          , Ds          , Gs          , Ss^Vhs      , Gs          , Rd          , Gs          , Gs          , Gs          , Gs          , Gs          , Gs          , Gd          , Gs          , Gs          , Gs          , Gs          , Gs          , Gs          , Gs          , Gs          , Gs          , Gs          , Gs          , Gs          , Rd          , Rd          , Rd          , Rd          , Ds          , Rd          , Ds          , Rd          , Rd          , Rd          , Rd          , Rd          
Rd          , Gs          , Ss          , Ss          , Ds          , Ds          , Ds          , Ds          , Gs          , Gs          , Rd          , Rd          , Rd          , Rd          , Rd          , Gs          , Gs          , Gs          , Rd          , Gs          , Gd          , Gs          , Gd          , Gs          , Gs          , Gs          , Gd          , Gs          , Rd          , Rd          , Ds          , Ds          , Ds          , Ds          , Ds          , Ds          , Ds          , Rd          , Rd          , Rd          
Ds          , Ds          , Ss          , Ss          , Ss          , Ds          , Ds          , Ds          , Ss          , Gs          , Gs          , Ds          , Ds          , Rd          , Rd          , Rd          , Rd          , Rd          , Rd          , Rd          , Gs          , Gs          , Gs          , Gd          , Gs          , Gd          , Gd^Vc       , Gs          , Gd          , Rd          , Rd          , Ds          , Ds          , Ds          , Ds          , Ds          , Ds          , Ds          , Rd          , Rd          
Ds          , Ds          , Ds          , Ss          , Gs          , Gs          , Rd          , Ss          , Ss          , Ss          , Ds          , Ds          , Ds          , Ds          , Ds          , Ds          , Ds          , Ds          , Ds          , Gs          , Ss^Vhs      , Gs          , Rd          , Gs          , Rd          , Gs          , Gd          , Gs          , Rd          , Rd          , Rd          , Ds          , Ds          , Ds          , Ds          , Ds          , Ds          , Ds          , Gs          , Rd          
Ds          , Ds          , Ds          , Ds          , Rd          , Rd          , Ss          , Ss          , Gd          , Ss          , Gd          , Ds          , Rd          , Ds          , Ds          , Ds          , Ss          , Ss          , Ss          , Gd          , Gd          , Gs          , Rd          , Rd          , Rd          , Rd          , Rd          , Gd          , Rd          , Rd          , Ds          , Rd          , Rd          , Ds          , Ss          , Ds          , Ss          , Ss          , Gs          , Gs          
Ds          , Ds          , Gd          , Gd          , Gd          , Ds          , Ds          , Ss          , Gd          , Gd          , Rd          , Rd          , Rd          , Ds          , Ds          , Ds          , Ss          , Ss          , Ss          , Gd          , Ds          , Rd          , Ds          , Ds          , Ds          , Rd          , Rd          , Rd          , Ds          , Ds          , Ds          , Gd          , Ds          , Gd          , Gd          , Ss          , Ss          , Ss          , Ss          , Ss          
Rd          , Rd          , Gd          , Ss^Vhs      , Gd          , Ds          , Ss          , Ss          , Gd          , Rd          , Rd          , Rd          , Rd          , Rd          , Rd          , Gd          , Gd          , Gd          , Ds          , Ss          , Ds          , Ds          , Ds          , Ds          , Ds          , Gd          , Gd          , Gd          , Ds          , Ds          , Ss          , Ss          , Ss          , Ds          , Rd          , Gd          , Gd          , Ss          , Ss          , Ss          
Rd          , Rd          , Ds          , Gd          , Ss          , Ss          , Ss          , Ds          , Rd          , Ds          , Ds          , Ds          , Ds          , Ds          , Rd          , Rd          , Rd          , Ds          , Ds          , Ss          , Ss          , Ds          , Ss          , Ds          , Ds          , Ss          , Ss          , Ss          , Ss          , Ss          , Ss          , Ss          , Ss          , Ds          , Rd          , Ss^Vhs      , Rd          , Gd          , Gd          , Gd          
Ds          , Ds          , Ds          , Ds          , Ss          , Ss          , Gd          , Gd          , Rd          , Ds          , Ss          , Ss          , Ss          , Ds          , Ds          , Rd          , Rd          , Ds          , Ds          , Ds          , Ss          , Ss          , Ss          , Ds          , Ds          , Ss          , Ss          , Ss          , Ss          , Ss          , Ds          , Ds          , Ds          , Ds          , Rd          , Rd          , Rd          , Rd          , Rd          , Rd          
Ss          , Ss          , Ss          , Ss          , Ss          , Ds          , Ds          , Rd          , Rd          , Ds          , Ds          , Ss          , Ss          , Ss          , Ds          , Rd          , Ss^Vhs      , Rd          , Ds          , Ds          , Ss          , Ss          , Ss          , Ds          , Ds          , Ss          , Ss^Vhs      , Ss          , Gs          , Gd          , Rd          , Ds          , Rd          , Ds          , Rd          , Rd          , Ds          , Ds          , Ds          , Ds          
Ss          , Ss          , Ss          , Ss          , Ss          , Ds          , Ds          , Ds          , Rd          , Ds          , Rd          , Ds          , Ds          , Ss          , Ss          , Gs          , Rd          , Rd          , Ds          , Ds          , Ds          , Ss          , Ds          , Ds          , Rd          , Gd          , Gd          , Gd          , Gs          , Gs          , Gd          , Rd          , Rd          , Rd          , Rd          , Ds          , Chr         , Ds          , Ds          , Ds          
Ss          , Ss          , Ss          , Ss          , Ss          , Ds          , Ds          , Ds          , Rd          , Rd          , Rd          , Rd          , Gd          , Ss          , Ss          , Gd          , Ds          , Gd          , Ss          , Gd          , Ss          , Ss          , Gd          , Rd          , Ds          , Rd          , Ds          , Ds          , Ds          , Ss          , Ss          , Gd          , Gd          , Rd          , Gd          , Chr         , 3 Kh        , Chr         , Ds          , Ds          
Ss          , Ss          , Ds          , Ss          , Ds          , Ds          , Ds          , Ds          , Rd          , Rd          , Rd          , Rd          , Ds          , Ds          , Ss          , Ds          , Ds          , Ds          , Ds          , Ss          , Ss          , Gd          , Ss          , Ds          , Ds          , Ds          , Ds          , Ds          , Ds          , Ss          , Ss          , Ss          , Ss          , Gd          , Ss          , Chs         , Chr         , Chr         , Ds          , Ds          
Ds          , Ds          , Ds          , Ds          , Rd          , Ds          , Rd          , Rd          , Rd          , Rd          , Ds          , Ds          , Ss          , Ss          , Ss          , Ss          , Ss          , Ds          , Ds          , Gd          , Gd          , Ss          , Ss          , Ds          , Ds          , Ds          , Ds          , Ds          , Gd          , Gd          , Ss          , Ss          , Ss          , Ss          , Ss          , Ds          , Ds          , Ds          , Ds          , Ds          
Ds          , Ds          , Rd          , Rd          , Rd          , Rd          , Ss^Vhs      , Rd          , Rd          , Rd          , Ds          , Ds          , Ss          , Ss          , Ss          , Ss          , Ss          , Ss          , Ss          , Gd          , Rd          , Ds          , Gd          , Ds          , Ds          , Ds          , Rd          , Gd          , Ss^Vhs      , Gd          , Ss          , Ss          , Ss          , Ss          , Gd          , Gd          , Rd          , Ds          , Ds          , Ds          
Ds          , Ds          , Rd          , Rd          , Rd          , Rd          , Rd          , Rd          , Rd          , Rd          , Rd          , Ds          , Ds          , Ss          , Ss          , Ss          , Ss          , Ss          , Ds          , Gd          , Rd          , Rd          , Rd          , Rd          , Rd          , Rd          , Rd          , Gd          , Gd          , Gd          , Gd          , Ss          , Ss          , Ss          , Gd          , Rd          , Rd          , Rd          , Rd          , Rd          
Ds          , Ds          , Rd          , Rd          , Rd          , Rd          , Rd          , Rd          , Rd          , Rd          , Rd          , Ds          , Ds          , Ss          , Ss          , Ss          , Ss          , Ss          , Ds          , Rd          , Rd          , Rd          , Rd          , Rd          , Rd          , Rd          , Rd          , Rd          , Rd          , Rd          , Gd          , Ss          , Ss          , Ss          , Gd          , Rd          , Rd          , Rd          , Rd          , Rd          
